<html>
<body>
<pre>
<h1>µVision Build Log</h1>
<h2>Tool Versions:</h2>
IDE-Version: ¦ÌVision V5.38.0.0
Copyright (C) 2022 ARM Ltd and ARM Germany GmbH. All rights reserved.
License Information: chen zijian, HG, LIC=D0D7S-LZP6P-30TNC-7KE1Q-9IMFR-Z45XK
 
Tool Versions:
Toolchain:       MDK-ARM Plus  Version: 5.38.0.0
Toolchain Path:  C:\NewJourney\Active\Fight\Services\Keil5\ARM\ARMCLANG\Bin
C Compiler:      ArmClang.exe V6.19
Assembler:       Armasm.exe V6.19
Linker/Locator:  ArmLink.exe V6.19
Library Manager: ArmAr.exe V6.19
Hex Converter:   FromElf.exe V6.19
CPU DLL:         SARMCM3.DLL V5.38.0.0
Dialog DLL:      DCM.DLL V1.17.5.0
Target DLL:      CMSIS_AGDI.dll V1.33.15.0
Dialog DLL:      TCM.DLL V1.56.4.0
 
<h2>Project:</h2>
C:\NewJourney\Active\Fight\Battlefields\23RC\rc\ER_idea\23RC_ER\ER_C_0.6_Q\MDK-ARM\C_Gimbal.uvprojx
Project File Date:  05/12/2023

<h2>Output:</h2>
*** Using Compiler 'V6.19', folder: 'C:\NewJourney\Active\Fight\Services\Keil5\ARM\ARMCLANG\Bin'
Build target 'C_Gimbal'
assembling startup_stm32f407xx.s...
compiling dma.c...
compiling gpio.c...
compiling main.c...
compiling usart.c...
compiling adc.c...
compiling i2c.c...
compiling can.c...
compiling spi.c...
compiling freertos.c...
compiling tim.c...
compiling stm32f4xx_ll_adc.c...
compiling stm32f4xx_hal_msp.c...
compiling stm32f4xx_it.c...
compiling stm32f4xx_hal_timebase_tim.c...
compiling stm32f4xx_hal_rcc_ex.c...
compiling stm32f4xx_hal_flash_ex.c...
compiling stm32f4xx_hal_flash_ramfunc.c...
compiling stm32f4xx_hal_adc_ex.c...
compiling stm32f4xx_hal_flash.c...
compiling stm32f4xx_hal_rcc.c...
compiling stm32f4xx_hal_adc.c...
compiling stm32f4xx_hal_gpio.c...
compiling stm32f4xx_hal_pwr.c...
compiling stm32f4xx_hal_dma_ex.c...
compiling stm32f4xx_hal_dma.c...
compiling stm32f4xx_hal_pwr_ex.c...
compiling stm32f4xx_hal_cortex.c...
compiling stm32f4xx_hal.c...
compiling stm32f4xx_hal_exti.c...
compiling stm32f4xx_hal_i2c_ex.c...
compiling croutine.c...
compiling stm32f4xx_hal_can.c...
compiling list.c...
compiling event_groups.c...
compiling system_stm32f4xx.c...
compiling timers.c...
compiling stream_buffer.c...
compiling stm32f4xx_hal_spi.c...
compiling stm32f4xx_hal_tim_ex.c...
compiling queue.c...
compiling heap_4.c...
compiling port.c...
compiling cmsis_os.c...
compiling stm32f4xx_hal_uart.c...
compiling APP_Devices.cpp...
compiling tasks.c...
compiling ALGO_Ramp.cpp...
compiling BSP_CAN.c...
compiling ALGO_Kalman.cpp...
compiling BSP_FLASH.c...
compiling stm32f4xx_hal_tim.c...
compiling BSP_FlashStore.c...
compiling stm32f4xx_hal_i2c.c...
compiling BSP_PVD.c...
compiling BSP_UART.c...
compiling BSP_ADC.c...
compiling BSP_SPI.c...
compiling ALGO_Filter.cpp...
compiling DEV_DR16.cpp...
compiling DEV_CIMU.cpp...
compiling DEV_Timer.cpp...
compiling DEV_UpComputer.cpp...
compiling ALGO_PID.cpp...
compiling APP_Chassis.cpp...
compiling APP_SendIMU.cpp...
compiling DEV_Buzzer.cpp...
compiling DEV_COMM.cpp...
compiling DEV_LED.cpp...
compiling DEV_BrtEncoder.cpp...
../CustomCode/Devices/BMI088/BMI088driver.c(1): warning: In file included from...
../CustomCode/Devices/BMI088/BMI088driver.h(53): warning: 'packed' attribute ignored [-Wignored-attributes]
typedef __packed struct BMI088_RAW_DATA
        ^
../Drivers/STM32F4xx_HAL_Driver/Inc/stm32f4xx_hal_def.h(114): note: expanded from macro '__packed'
    #define __packed  __attribute__((packed))
                                     ^
1 warning generated.
compiling BMI088driver.c...
compiling TASK_Can.cpp...
compiling DEV_Bldc.cpp...
../CustomCode/Tasks/Tasks.cpp/TASK_Check.cpp(8): warning: In file included from...
../CustomCode/Devices/BMI088\calibrate_task.h(52): warning: 'packed' attribute ignored [-Wignored-attributes]
typedef __packed struct
        ^
../Drivers/STM32F4xx_HAL_Driver/Inc/stm32f4xx_hal_def.h(114): note: expanded from macro '__packed'
    #define __packed  __attribute__((packed))
                                     ^
1 warning generated.
compiling TASK_Check.cpp...
compiling TASK_Control.cpp...
compiling TASK_Waveform.cpp...
compiling BMI088Middleware.c...
compiling ist8310driver.c...
compiling TASK_LED.cpp...
../CustomCode/Devices/BMI088/calibrate_task.c(1): warning: In file included from...
../CustomCode/Devices/BMI088/calibrate_task.h(52): warning: 'packed' attribute ignored [-Wignored-attributes]
typedef __packed struct
        ^
../Drivers/STM32F4xx_HAL_Driver/Inc/stm32f4xx_hal_def.h(114): note: expanded from macro '__packed'
    #define __packed  __attribute__((packed))
                                     ^
1 warning generated.
compiling calibrate_task.c...
compiling delay.c...
compiling MahonyAHRS.c...
../CustomCode/Unify/Universe.cpp/System_Config.cpp(11): warning: In file included from...
../CustomCode/Devices/BMI088\calibrate_task.h(52): warning: 'packed' attribute ignored [-Wignored-attributes]
typedef __packed struct
        ^
../Drivers/STM32F4xx_HAL_Driver/Inc/stm32f4xx_hal_def.h(114): note: expanded from macro '__packed'
    #define __packed  __attribute__((packed))
                                     ^
1 warning generated.
compiling System_Config.cpp...
compiling ist8310driver_middleware.c...
../CustomCode/Devices/BMI088/INS_task.c(33): warning: In file included from...
../CustomCode/Devices/BMI088/bmi088driver.h(53): warning: 'packed' attribute ignored [-Wignored-attributes]
typedef __packed struct BMI088_RAW_DATA
        ^
../Drivers/STM32F4xx_HAL_Driver/Inc/stm32f4xx_hal_def.h(114): note: expanded from macro '__packed'
    #define __packed  __attribute__((packed))
                                     ^
../CustomCode/Devices/BMI088/INS_task.c(39): warning: In file included from...
../CustomCode/Devices/BMI088/calibrate_task.h(52): warning: 'packed' attribute ignored [-Wignored-attributes]
typedef __packed struct
        ^
../Drivers/STM32F4xx_HAL_Driver/Inc/stm32f4xx_hal_def.h(114): note: expanded from macro '__packed'
    #define __packed  __attribute__((packed))
                                     ^
2 warnings generated.
compiling INS_task.c...
compiling System_DataPool.cpp...
linking...
Program Size: Code=47756 RO-data=2728 RW-data=196 ZI-data=21476  
FromELF: creating hex file...
"C_Gimbal\C_Gimbal.axf" - 0 Error(s), 6 Warning(s).

<h2>Software Packages used:</h2>

Package Vendor: ARM
                http://www.keil.com/pack/ARM.CMSIS.5.9.0.pack
                ARM.CMSIS.5.9.0
                CMSIS (Common Microcontroller Software Interface Standard)
   * Component: CORE Version: 5.6.0

Package Vendor: Keil
                http://www.keil.com/pack/Keil.STM32F4xx_DFP.2.16.0.pack
                Keil.STM32F4xx_DFP.2.16.0
                STMicroelectronics STM32F4 Series Device Support, Drivers and Examples

<h2>Collection of Component include folders:</h2>
  ./RTE/_C_Gimbal
  C:/NewJourney/Active/Equipment/Keil5/Packs/ARM/CMSIS/5.9.0/CMSIS/Core/Include
  C:/NewJourney/Active/Equipment/Keil5/Packs/Keil/STM32F4xx_DFP/2.16.0/Drivers/CMSIS/Device/ST/STM32F4xx/Include

<h2>Collection of Component Files used:</h2>

   * Component: ARM::CMSIS:CORE:5.6.0
      Include file:  CMSIS/Core/Include/tz_context.h
Build Time Elapsed:  00:00:16
</pre>
</body>
</html>
