<html>
<body>
<pre>
<h1>µVision Build Log</h1>
<h2>Tool Versions:</h2>
IDE-Version: ¦ÌVision V5.38.0.0
Copyright (C) 2022 ARM Ltd and ARM Germany GmbH. All rights reserved.
License Information: chen chenzijian, gcl, LIC=RC93N-Y0HNT-TGB7T-RVVUN-1EVBU-KFH4S
 
Tool Versions:
Toolchain:       MDK-ARM Plus  Version: 5.38.0.0
Toolchain Path:  C:\Users\chenzijian\Pad\App\keil5\ARM\ARMCLANG\Bin
C Compiler:      ArmClang.exe V6.19
Assembler:       Armasm.exe V6.19
Linker/Locator:  ArmLink.exe V6.19
Library Manager: ArmAr.exe V6.19
Hex Converter:   FromElf.exe V6.19
CPU DLL:         SARMCM3.DLL V5.38.0.0
Dialog DLL:      DCM.DLL V1.17.5.0
Target DLL:      CMSIS_AGDI.dll V1.33.15.0
Dialog DLL:      TCM.DLL V1.56.4.0
 
<h2>Project:</h2>
C:\Users\chenzijian\Pad\Data\23RC_ER\ER_A_2.8\MDK-ARM\Team_HAL_Code_Frame.uvprojx
Project File Date:  04/18/2023

<h2>Output:</h2>
*** Using Compiler 'V6.19', folder: 'C:\Users\chenzijian\Pad\App\keil5\ARM\ARMCLANG\Bin'
Build target 'Team_HAL_Code_Frame'
compiling APP_Chassis.cpp...
linking...
Program Size: Code=89668 RO-data=4108 RW-data=308 ZI-data=28108  
FromELF: creating hex file...
"Team_HAL_Code_Frame\Team_HAL_Code_Frame.axf" - 0 Error(s), 0 Warning(s).

<h2>Software Packages used:</h2>

Package Vendor: ARM
                http://www.keil.com/pack/ARM.CMSIS.5.9.0.pack
                ARM.CMSIS.5.9.0
                CMSIS (Common Microcontroller Software Interface Standard)
   * Component: CORE Version: 5.6.0

Package Vendor: Keil
                https://www.keil.com/pack/Keil.STM32F4xx_DFP.2.17.0.pack
                Keil.STM32F4xx_DFP.2.17.0
                STMicroelectronics STM32F4 Series Device Support, Drivers and Examples

<h2>Collection of Component include folders:</h2>
  ./RTE/_Team_HAL_Code_Frame
  C:/Users/chenzijian/Pad/Data/keil5/ARM/CMSIS/5.9.0/CMSIS/Core/Include
  C:/Users/chenzijian/Pad/Data/keil5/Keil/STM32F4xx_DFP/2.17.0/Drivers/CMSIS/Device/ST/STM32F4xx/Include

<h2>Collection of Component Files used:</h2>

   * Component: ARM::CMSIS:CORE:5.6.0
      Include file:  CMSIS/Core/Include/tz_context.h
Build Time Elapsed:  00:00:09
</pre>
</body>
</html>
