Component: Arm Compiler for Embedded 6.18 Tool: armlink [5e4cc100]

==============================================================================

Section Cross References

    startup_stm32f407xx.o(STACK) refers (Special) to heapauxi.o(.text) for __use_two_region_memory
    startup_stm32f407xx.o(HEAP) refers (Special) to heapauxi.o(.text) for __use_two_region_memory
    startup_stm32f407xx.o(RESET) refers (Special) to heapauxi.o(.text) for __use_two_region_memory
    startup_stm32f407xx.o(RESET) refers to startup_stm32f407xx.o(STACK) for __initial_sp
    startup_stm32f407xx.o(RESET) refers to startup_stm32f407xx.o(.text) for Reset_Handler
    startup_stm32f407xx.o(RESET) refers to stm32f4xx_it.o(.text.NMI_Handler) for NMI_Handler
    startup_stm32f407xx.o(RESET) refers to stm32f4xx_it.o(.text.HardFault_Handler) for HardFault_Handler
    startup_stm32f407xx.o(RESET) refers to stm32f4xx_it.o(.text.MemManage_Handler) for MemManage_Handler
    startup_stm32f407xx.o(RESET) refers to stm32f4xx_it.o(.text.BusFault_Handler) for BusFault_Handler
    startup_stm32f407xx.o(RESET) refers to stm32f4xx_it.o(.text.UsageFault_Handler) for UsageFault_Handler
    startup_stm32f407xx.o(RESET) refers to port.o(.text.SVC_Handler) for SVC_Handler
    startup_stm32f407xx.o(RESET) refers to stm32f4xx_it.o(.text.DebugMon_Handler) for DebugMon_Handler
    startup_stm32f407xx.o(RESET) refers to port.o(.text.PendSV_Handler) for PendSV_Handler
    startup_stm32f407xx.o(RESET) refers to port.o(.text.SysTick_Handler) for SysTick_Handler
    startup_stm32f407xx.o(RESET) refers to stm32f4xx_it.o(.text.PVD_IRQHandler) for PVD_IRQHandler
    startup_stm32f407xx.o(RESET) refers to stm32f4xx_it.o(.text.EXTI0_IRQHandler) for EXTI0_IRQHandler
    startup_stm32f407xx.o(RESET) refers to stm32f4xx_it.o(.text.EXTI3_IRQHandler) for EXTI3_IRQHandler
    startup_stm32f407xx.o(RESET) refers to stm32f4xx_it.o(.text.EXTI4_IRQHandler) for EXTI4_IRQHandler
    startup_stm32f407xx.o(RESET) refers to stm32f4xx_it.o(.text.DMA1_Stream1_IRQHandler) for DMA1_Stream1_IRQHandler
    startup_stm32f407xx.o(RESET) refers to stm32f4xx_it.o(.text.CAN1_RX1_IRQHandler) for CAN1_RX1_IRQHandler
    startup_stm32f407xx.o(RESET) refers to stm32f4xx_it.o(.text.EXTI9_5_IRQHandler) for EXTI9_5_IRQHandler
    startup_stm32f407xx.o(RESET) refers to stm32f4xx_it.o(.text.TIM2_IRQHandler) for TIM2_IRQHandler
    startup_stm32f407xx.o(RESET) refers to stm32f4xx_it.o(.text.USART3_IRQHandler) for USART3_IRQHandler
    startup_stm32f407xx.o(RESET) refers to stm32f4xx_it.o(.text.TIM6_DAC_IRQHandler) for TIM6_DAC_IRQHandler
    startup_stm32f407xx.o(RESET) refers to ins_task.o(.text.DMA2_Stream0_IRQHandler) for DMA2_Stream0_IRQHandler
    startup_stm32f407xx.o(RESET) refers to stm32f4xx_it.o(.text.DMA2_Stream1_IRQHandler) for DMA2_Stream1_IRQHandler
    startup_stm32f407xx.o(RESET) refers to stm32f4xx_it.o(.text.DMA2_Stream3_IRQHandler) for DMA2_Stream3_IRQHandler
    startup_stm32f407xx.o(RESET) refers to stm32f4xx_it.o(.text.CAN2_RX0_IRQHandler) for CAN2_RX0_IRQHandler
    startup_stm32f407xx.o(RESET) refers to stm32f4xx_it.o(.text.DMA2_Stream6_IRQHandler) for DMA2_Stream6_IRQHandler
    startup_stm32f407xx.o(RESET) refers to stm32f4xx_it.o(.text.USART6_IRQHandler) for USART6_IRQHandler
    startup_stm32f407xx.o(.text) refers (Special) to heapauxi.o(.text) for __use_two_region_memory
    startup_stm32f407xx.o(.text) refers to system_stm32f4xx.o(.text.SystemInit) for SystemInit
    startup_stm32f407xx.o(.text) refers to __main.o(!!!main) for __main
    startup_stm32f407xx.o(.text) refers to startup_stm32f407xx.o(HEAP) for Heap_Mem
    startup_stm32f407xx.o(.text) refers to startup_stm32f407xx.o(STACK) for Stack_Mem
    main.o(.text.main) refers to stm32f4xx_hal.o(.text.HAL_Init) for HAL_Init
    main.o(.text.main) refers to rt_memclr_w.o(.text) for __aeabi_memclr4
    main.o(.text.main) refers to stm32f4xx_hal_rcc.o(.text.HAL_RCC_OscConfig) for HAL_RCC_OscConfig
    main.o(.text.main) refers to stm32f4xx_hal_rcc.o(.text.HAL_RCC_ClockConfig) for HAL_RCC_ClockConfig
    main.o(.text.main) refers to gpio.o(.text.MX_GPIO_Init) for MX_GPIO_Init
    main.o(.text.main) refers to dma.o(.text.MX_DMA_Init) for MX_DMA_Init
    main.o(.text.main) refers to adc.o(.text.MX_ADC1_Init) for MX_ADC1_Init
    main.o(.text.main) refers to adc.o(.text.MX_ADC3_Init) for MX_ADC3_Init
    main.o(.text.main) refers to can.o(.text.MX_CAN1_Init) for MX_CAN1_Init
    main.o(.text.main) refers to can.o(.text.MX_CAN2_Init) for MX_CAN2_Init
    main.o(.text.main) refers to i2c.o(.text.MX_I2C3_Init) for MX_I2C3_Init
    main.o(.text.main) refers to spi.o(.text.MX_SPI1_Init) for MX_SPI1_Init
    main.o(.text.main) refers to tim.o(.text.MX_TIM1_Init) for MX_TIM1_Init
    main.o(.text.main) refers to tim.o(.text.MX_TIM4_Init) for MX_TIM4_Init
    main.o(.text.main) refers to tim.o(.text.MX_TIM5_Init) for MX_TIM5_Init
    main.o(.text.main) refers to tim.o(.text.MX_TIM10_Init) for MX_TIM10_Init
[...]
    sqrtf                                    0x0800bb01   Thumb Code    62  sqrtf.o(i.sqrtf)
    _fp_init                                 0x0800bb3f   Thumb Code    22  fpinit.o(x$fpl$fpinit)
    __fplib_config_fpu_vfp                   0x0800bb53   Thumb Code     0  fpinit.o(x$fpl$fpinit)
    __fplib_config_pureend_doubles           0x0800bb53   Thumb Code     0  fpinit.o(x$fpl$fpinit)
    __I$use$fp                               0x0800bb54   Number         0  usenofp.o(x$fpl$usenofp)
    sinTable_f32                             0x0800bb54   Data        2052  arm_common_tables.o(.constdata)
    AHBPrescTable                            0x0800c460   Data          16  system_stm32f4xx.o(.rodata.AHBPrescTable)
    APBPrescTable                            0x0800c470   Data           8  system_stm32f4xx.o(.rodata.APBPrescTable)
    Region$$Table$$Base                      0x0800c4d0   Number         0  anon$$obj.o(Region$$Table)
    Region$$Table$$Limit                     0x0800c4f0   Number         0  anon$$obj.o(Region$$Table)
    SHT$$INIT_ARRAY$$Base                    0x0800c4f0   Number         0  system_datapool.o(.init_array)
    SHT$$INIT_ARRAY$$Limit                   0x0800c4f4   Number         0  init_aeabi.o(.init_array)
    BMI088_ACCEL_SEN                         0x20000000   Data           4  bmi088driver.o(.data.BMI088_ACCEL_SEN)
    BMI088_GYRO_SEN                          0x20000004   Data           4  bmi088driver.o(.data.BMI088_GYRO_SEN)
    SystemCoreClock                          0x2000000c   Data           4  system_stm32f4xx.o(.data.SystemCoreClock)
    DevicesMonitor_classdef::Critical_Val    0x20000010   Data          16  app_devices.o(.data._ZN23DevicesMonitor_classdef12Critical_ValE)
    DevicesMonitor_classdef::Devices_Frame   0x20000020   Data           4  app_devices.o(.data._ZN23DevicesMonitor_classdef13Devices_FrameE)
    accel_dma_tx_buf                         0x20000026   Data           9  ins_task.o(.data.accel_dma_tx_buf)
    accel_scale_factor                       0x20000030   Data          36  ins_task.o(.data.accel_scale_factor)
    accel_temp_dma_tx_buf                    0x20000054   Data           4  ins_task.o(.data.accel_temp_dma_tx_buf)
    buzzer_val                               0x20000058   Data           2  dev_buzzer.o(.data.buzzer_val)
    cali_hook_fun                            0x2000005c   Data           4  calibrate_task.o(.data.cali_hook_fun)
    gyro_dma_tx_buf                          0x20000060   Data           8  ins_task.o(.data.gyro_dma_tx_buf)
    gyro_scale_factor                        0x20000068   Data          36  ins_task.o(.data.gyro_scale_factor)
    mag_scale_factor                         0x2000008c   Data          36  ins_task.o(.data.mag_scale_factor)
    twoKp                                    0x200000b0   Data           4  mahonyahrs.o(.data.twoKp)
    uwTickFreq                               0x200000b4   Data           1  stm32f4xx_hal.o(.data.uwTickFreq)
    uwTickPrio                               0x200000b8   Data           4  stm32f4xx_hal.o(.data.uwTickPrio)
    voltage_vrefint_proportion               0x200000c0   Data           4  bsp_adc.o(.data.voltage_vrefint_proportion)
    __libspace_start                         0x200000c8   Data          96  libspace.o(.bss)
    Buzzer                                   0x20000128   Data         212  system_datapool.o(.bss.Buzzer)
    __temporary_stack_top$libspace           0x20000128   Data           0  libspace.o(.bss)
    Can1Recv_QueueHandle                     0x20000214   Data           4  system_datapool.o(.bss.Can1Recv_QueueHandle)
    Can2Recv_QueueHandle                     0x20000218   Data           4  system_datapool.o(.bss.Can2Recv_QueueHandle)
    Chassis                                  0x2000021c   Data         640  system_datapool.o(.bss.Chassis)
    DevicesMonitor                           0x2000049c   Data          16  system_datapool.o(.bss.DevicesMonitor)
    IMU_FilteSpeed                           0x20000504   Data           8  ins_task.o(.bss.IMU_FilteSpeed)
    INS_OffsetGyro                           0x2000050c   Data          12  ins_task.o(.bss.INS_OffsetGyro)
    INS_angle                                0x20000524   Data          12  ins_task.o(.bss.INS_angle)
    INS_gyro                                 0x20000530   Data          12  ins_task.o(.bss.INS_gyro)
    LED                                      0x20000570   Data          64  system_datapool.o(.bss.LED)
    Pit_StaticErr                            0x200005b0   Data           4  ins_task.o(.bss.Pit_StaticErr)
    Pit_staticTotalErr                       0x200005b4   Data           4  ins_task.o(.bss.Pit_staticTotalErr)
    Pit_total                                0x200005b8   Data           4  ins_task.o(.bss.Pit_total)
    SendIMU                                  0x200005bc   Data         104  system_datapool.o(.bss.SendIMU)
    SystemTimerCnt                           0x20000658   Data           4  dev_timer.o(.bss.SystemTimerCnt)
    Three_Speed_Time                         0x2000065c   Data           4  app_chassis.o(.bss.Three_Speed_Time)
    Timer_Manager                            0x20000660   Data           8  dev_timer.o(.bss.Timer_Manager)
    Yaw_staticErr                            0x20000668   Data           4  ins_task.o(.bss.Yaw_staticErr)
    Yaw_staticTotalErr                       0x2000066c   Data           4  ins_task.o(.bss.Yaw_staticTotalErr)
    Yaw_total                                0x20000670   Data           4  ins_task.o(.bss.Yaw_total)
    PIDTimer::Get_SystemTick                 0x20000674   Data           4  algo_pid.o(.bss._ZN8PIDTimer14Get_SystemTickE)
    a                                        0x200006d0   Data           4  dev_bldc.o(.bss.a)
    accel_dma_rx_buf                         0x200006d4   Data           9  ins_task.o(.bss.accel_dma_rx_buf)
    accel_offset                             0x200006f8   Data          12  ins_task.o(.bss.accel_offset)
    accel_temp_dma_rx_buf                    0x20000704   Data           4  ins_task.o(.bss.accel_temp_dma_rx_buf)
    accel_temp_update_flag                   0x20000708   Data           1  ins_task.o(.bss.accel_temp_update_flag)
    accel_update_flag                        0x20000709   Data           1  ins_task.o(.bss.accel_update_flag)
    b                                        0x2000071c   Data           4  dev_bldc.o(.bss.b)
    bat_voltage                              0x20000720   Data           4  task_check.o(.bss.bat_voltage)
    bmi088_real_data                         0x20000724   Data          36  ins_task.o(.bss.bmi088_real_data)
    c                                        0x20000748   Data           4  dev_bldc.o(.bss.c)
    cali_sensor                              0x20000750   Data          16  calibrate_task.o(.bss.cali_sensor)
    d                                        0x20000760   Data           4  dev_bldc.o(.bss.d)
    defaultTaskHandle                        0x20000764   Data           4  freertos.o(.bss.defaultTaskHandle)
    e                                        0x20000768   Data           4  dev_bldc.o(.bss.e)
    f                                        0x2000076c   Data           4  dev_bldc.o(.bss.f)
    g                                        0x200007a4   Data           4  dev_bldc.o(.bss.g)
    gyro_cali_offset                         0x200007c0   Data          12  ins_task.o(.bss.gyro_cali_offset)
    gyro_dma_rx_buf                          0x200007cc   Data           8  ins_task.o(.bss.gyro_dma_rx_buf)
    gyro_offset                              0x200007d4   Data          12  ins_task.o(.bss.gyro_offset)
    gyro_update_flag                         0x200007e0   Data           1  ins_task.o(.bss.gyro_update_flag)
    hadc1                                    0x200007e4   Data          72  adc.o(.bss.hadc1)
    hadc3                                    0x2000082c   Data          72  adc.o(.bss.hadc3)
    hcan1                                    0x20000874   Data          40  can.o(.bss.hcan1)
    hcan2                                    0x2000089c   Data          40  can.o(.bss.hcan2)
    hdma_spi1_rx                             0x200008c4   Data          96  spi.o(.bss.hdma_spi1_rx)
    hdma_spi1_tx                             0x20000924   Data          96  spi.o(.bss.hdma_spi1_tx)
    hdma_usart3_rx                           0x20000984   Data          96  usart.o(.bss.hdma_usart3_rx)
    hdma_usart6_rx                           0x200009e4   Data          96  usart.o(.bss.hdma_usart6_rx)
    hdma_usart6_tx                           0x20000a44   Data          96  usart.o(.bss.hdma_usart6_tx)
    hi2c3                                    0x20000aa4   Data          84  i2c.o(.bss.hi2c3)
    hspi1                                    0x20000af8   Data          88  spi.o(.bss.hspi1)
    hspi2                                    0x20000b50   Data          88  spi.o(.bss.hspi2)
    htim1                                    0x20000ba8   Data          72  tim.o(.bss.htim1)
    htim10                                   0x20000bf0   Data          72  tim.o(.bss.htim10)
    htim2                                    0x20000c38   Data          72  tim.o(.bss.htim2)
    htim4                                    0x20000c80   Data          72  tim.o(.bss.htim4)
    htim5                                    0x20000cc8   Data          72  tim.o(.bss.htim5)
    htim6                                    0x20000d10   Data          72  stm32f4xx_hal_timebase_tim.o(.bss.htim6)
    huart1                                   0x20000d58   Data          68  usart.o(.bss.huart1)
    huart3                                   0x20000d9c   Data          68  usart.o(.bss.huart3)
    huart6                                   0x20000de0   Data          68  usart.o(.bss.huart6)
    imu_start_dma_flag                       0x20000e24   Data           1  ins_task.o(.bss.imu_start_dma_flag)
    integralFBx                              0x20000e70   Data           4  mahonyahrs.o(.bss.integralFBx)
    integralFBy                              0x20000e74   Data           4  mahonyahrs.o(.bss.integralFBy)
    integralFBz                              0x20000e78   Data           4  mahonyahrs.o(.bss.integralFBz)
    ist8310_real_data                        0x20000e7c   Data          16  ins_task.o(.bss.ist8310_real_data)
    mag_offset                               0x20000e8c   Data          12  ins_task.o(.bss.mag_offset)
    mag_update_flag                          0x20000e98   Data           1  ins_task.o(.bss.mag_update_flag)
    pFlash                                   0x20000ea4   Data          32  stm32f4xx_hal_flash.o(.bss.pFlash)
    pvd_config                               0x20000ec4   Data           8  bsp_pvd.o(.bss.pvd_config)
    pxCurrentTCB                             0x20000ecc   Data           4  tasks.o(.bss.pxCurrentTCB)
    temp_gz                                  0x20000f68   Data           4  ins_task.o(.bss.temp_gz)
    time_send                                0x20000f6c   Data           4  app_chassis.o(.bss.time_send)
    twoKi                                    0x20000f70   Data           4  mahonyahrs.o(.bss.twoKi)
    usart3_manage                            0x20004b7c   Data          16  bsp_uart.o(.bss.usart3_manage)
    usart6_manage                            0x20004b8c   Data          16  bsp_uart.o(.bss.usart6_manage)
    uwTick                                   0x20004b9c   Data           4  stm32f4xx_hal.o(.bss.uwTick)
    xxxxx                                    0x20004ea4   Data           4  bsp_uart.o(.bss.xxxxx)



==============================================================================

Memory Map of the image

  Image Entry point : 0x08000189

  Load Region LR_IROM1 (Base: 0x08000000, Size: 0x0000c5c0, Max: 0x00100000, ABSOLUTE)

    Execution Region ER_IROM1 (Exec base: 0x08000000, Load base: 0x08000000, Size: 0x0000c4f4, Max: 0x00100000, ABSOLUTE)

    Exec Addr    Load Addr    Size         Type   Attr      Idx    E Section Name        Object

    0x08000000   0x08000000   0x00000188   Data   RO            3    RESET               startup_stm32f407xx.o
    0x08000188   0x08000188   0x00000008   Code   RO         3197  * !!!main             c_w.l(__main.o)
    0x08000190   0x08000190   0x00000034   Code   RO         3495    !!!scatter          c_w.l(__scatter.o)
    0x080001c4   0x080001c4   0x0000001a   Code   RO         3497    !!handler_copy      c_w.l(__scatter_copy.o)
    0x080001de   0x080001de   0x00000002   PAD
    0x080001e0   0x080001e0   0x0000001c   Code   RO         3499    !!handler_zi        c_w.l(__scatter_zi.o)
    0x080001fc   0x080001fc   0x00000002   Code   RO         3415    .ARM.Collect$$libinit$$00000000  c_w.l(libinit.o)
    0x080001fe   0x080001fe   0x00000004   Code   RO         3271    .ARM.Collect$$libinit$$00000001  c_w.l(libinit2.o)
    0x08000202   0x08000202   0x00000000   Code   RO         3274    .ARM.Collect$$libinit$$00000004  c_w.l(libinit2.o)
    0x08000202   0x08000202   0x00000000   Code   RO         3276    .ARM.Collect$$libinit$$00000006  c_w.l(libinit2.o)
    0x08000202   0x08000202   0x00000000   Code   RO         3279    .ARM.Collect$$libinit$$0000000C  c_w.l(libinit2.o)
    0x08000202   0x08000202   0x00000000   Code   RO         3281    .ARM.Collect$$libinit$$0000000E  c_w.l(libinit2.o)
    0x08000202   0x08000202   0x00000000   Code   RO         3283    .ARM.Collect$$libinit$$00000010  c_w.l(libinit2.o)
    0x08000202   0x08000202   0x00000000   Code   RO         3286    .ARM.Collect$$libinit$$00000013  c_w.l(libinit2.o)
    0x08000202   0x08000202   0x00000000   Code   RO         3288    .ARM.Collect$$libinit$$00000015  c_w.l(libinit2.o)
    0x08000202   0x08000202   0x00000000   Code   RO         3290    .ARM.Collect$$libinit$$00000017  c_w.l(libinit2.o)
    0x08000202   0x08000202   0x00000000   Code   RO         3292    .ARM.Collect$$libinit$$00000019  c_w.l(libinit2.o)
    0x08000202   0x08000202   0x00000000   Code   RO         3294    .ARM.Collect$$libinit$$0000001B  c_w.l(libinit2.o)
    0x08000202   0x08000202   0x00000000   Code   RO         3296    .ARM.Collect$$libinit$$0000001D  c_w.l(libinit2.o)
    0x08000202   0x08000202   0x00000000   Code   RO         3298    .ARM.Collect$$libinit$$0000001F  c_w.l(libinit2.o)
    0x08000202   0x08000202   0x00000000   Code   RO         3300    .ARM.Collect$$libinit$$00000021  c_w.l(libinit2.o)
    0x08000202   0x08000202   0x00000000   Code   RO         3302    .ARM.Collect$$libinit$$00000023  c_w.l(libinit2.o)
    0x08000202   0x08000202   0x00000000   Code   RO         3304    .ARM.Collect$$libinit$$00000025  c_w.l(libinit2.o)
    0x08000202   0x08000202   0x00000000   Code   RO         3306    .ARM.Collect$$libinit$$00000027  c_w.l(libinit2.o)
    0x08000202   0x08000202   0x00000000   Code   RO         3310    .ARM.Collect$$libinit$$0000002E  c_w.l(libinit2.o)
    0x08000202   0x08000202   0x00000000   Code   RO         3312    .ARM.Collect$$libinit$$00000030  c_w.l(libinit2.o)
    0x08000202   0x08000202   0x00000000   Code   RO         3314    .ARM.Collect$$libinit$$00000032  c_w.l(libinit2.o)
    0x08000202   0x08000202   0x00000004   Code   RO         3315    .ARM.Collect$$libinit$$00000033  c_w.l(libinit2.o)
    0x08000206   0x08000206   0x00000000   Code   RO         3316    .ARM.Collect$$libinit$$00000034  c_w.l(libinit2.o)
    0x08000206   0x08000206   0x00000002   Code   RO         3317    .ARM.Collect$$libinit$$00000035  c_w.l(libinit2.o)
    0x08000208   0x08000208   0x00000002   Code   RO         3462    .ARM.Collect$$libshutdown$$00000000  c_w.l(libshutdown.o)
    0x0800020a   0x0800020a   0x00000000   Code   RO         3478    .ARM.Collect$$libshutdown$$00000002  c_w.l(libshutdown2.o)
    0x0800020a   0x0800020a   0x00000000   Code   RO         3480    .ARM.Collect$$libshutdown$$00000004  c_w.l(libshutdown2.o)
    0x0800020a   0x0800020a   0x00000000   Code   RO         3483    .ARM.Collect$$libshutdown$$00000007  c_w.l(libshutdown2.o)
    0x0800020a   0x0800020a   0x00000000   Code   RO         3486    .ARM.Collect$$libshutdown$$0000000A  c_w.l(libshutdown2.o)
    0x0800020a   0x0800020a   0x00000000   Code   RO         3488    .ARM.Collect$$libshutdown$$0000000C  c_w.l(libshutdown2.o)
    0x0800020a   0x0800020a   0x00000000   Code   RO         3491    .ARM.Collect$$libshutdown$$0000000F  c_w.l(libshutdown2.o)
    0x0800020a   0x0800020a   0x00000002   Code   RO         3492    .ARM.Collect$$libshutdown$$00000010  c_w.l(libshutdown2.o)
    0x0800020c   0x0800020c   0x00000000   Code   RO         3260    .ARM.Collect$$rtentry$$00000000  c_w.l(__rtentry.o)
    0x0800020c   0x0800020c   0x00000000   Code   RO         3364    .ARM.Collect$$rtentry$$00000002  c_w.l(__rtentry2.o)
    0x0800020c   0x0800020c   0x00000006   Code   RO         3376    .ARM.Collect$$rtentry$$00000004  c_w.l(__rtentry4.o)
    0x08000212   0x08000212   0x00000000   Code   RO         3366    .ARM.Collect$$rtentry$$00000009  c_w.l(__rtentry2.o)
    0x08000212   0x08000212   0x00000004   Code   RO         3367    .ARM.Collect$$rtentry$$0000000A  c_w.l(__rtentry2.o)
    0x08000216   0x08000216   0x00000000   Code   RO         3369    .ARM.Collect$$rtentry$$0000000C  c_w.l(__rtentry2.o)
    0x08000216   0x08000216   0x00000008   Code   RO         3370    .ARM.Collect$$rtentry$$0000000D  c_w.l(__rtentry2.o)
    0x0800021e   0x0800021e   0x00000002   Code   RO         3420    .ARM.Collect$$rtexit$$00000000  c_w.l(rtexit.o)
    0x08000220   0x08000220   0x00000000   Code   RO         3442    .ARM.Collect$$rtexit$$00000002  c_w.l(rtexit2.o)
    0x08000220   0x08000220   0x00000004   Code   RO         3443    .ARM.Collect$$rtexit$$00000003  c_w.l(rtexit2.o)
    0x08000224   0x08000224   0x00000006   Code   RO         3444    .ARM.Collect$$rtexit$$00000004  c_w.l(rtexit2.o)
    0x0800022a   0x0800022a   0x00000002   PAD
    0x0800022c   0x0800022c   0x00000040   Code   RO            4    .text               startup_stm32f407xx.o
    0x0800026c   0x0800026c   0x00000078   Code   RO         2881    .text               arm_cortexM4lf_math.lib(arm_cos_f32.o)
    0x080002e4   0x080002e4   0x00000094   Code   RO         2932    .text               arm_cortexM4lf_math.lib(arm_sin_f32.o)
    0x08000378   0x08000378   0x000000f0   Code   RO         3181    .text               c_w.l(lludivv7m.o)
    0x08000468   0x08000468   0x0000003e   Code   RO         3183    .text               c_w.l(strlen.o)
    0x080004a6   0x080004a6   0x0000008a   Code   RO         3185    .text               c_w.l(rt_memcpy_v6.o)
    0x08000530   0x08000530   0x0000007a   Code   RO         3187    .text               c_w.l(rt_memmove_w.o)
    0x080005aa   0x080005aa   0x00000010   Code   RO         3191    .text               c_w.l(aeabi_memset4.o)
    0x080005ba   0x080005ba   0x0000004e   Code   RO         3193    .text               c_w.l(rt_memclr_w.o)
    0x08000608   0x08000608   0x00000006   Code   RO         3195    .text               c_w.l(heapauxi.o)
    0x0800060e   0x0800060e   0x00000002   PAD
    0x08000610   0x08000610   0x00000024   Code   RO         3202    .text               c_w.l(init_aeabi.o)
    0x08000634   0x08000634   0x00000016   Code   RO         3265    .text               c_w.l(_rserrno.o)
    0x0800064a   0x0800064a   0x00000064   Code   RO         3267    .text               c_w.l(rt_memcpy_w.o)
    0x080006ae   0x080006ae   0x00000002   PAD
    0x080006b0   0x080006b0   0x00000008   Code   RO         3383    .text               c_w.l(rt_errno_addr_intlibspace.o)
    0x080006b8   0x080006b8   0x00000008   Code   RO         3395    .text               c_w.l(libspace.o)
    0x080006c0   0x080006c0   0x0000004a   Code   RO         3398    .text               c_w.l(sys_stackheap_outer.o)
    0x0800070a   0x0800070a   0x00000012   Code   RO         3400    .text               c_w.l(exit.o)
    0x0800071c   0x0800071c   0x0000000c   Code   RO         3434    .text               c_w.l(sys_exit.o)
    0x08000728   0x08000728   0x00000002   Code   RO         3438    .text               c_w.l(use_no_semi.o)
    0x0800072a   0x0800072a   0x00000000   Code   RO         3440    .text               c_w.l(indicate_semi.o)
    0x0800072a   0x0800072a   0x00000002   PAD
    0x0800072c   0x0800072c   0x00000012   Code   RO         2653    .text.BMI088_ACCEL_NS_H  bmi088middleware.o
    0x0800073e   0x0800073e   0x00000002   PAD
    0x08000740   0x08000740   0x00000012   Code   RO         2651    .text.BMI088_ACCEL_NS_L  bmi088middleware.o
    0x08000752   0x08000752   0x00000002   PAD
    0x08000754   0x08000754   0x00000002   Code   RO         2643    .text.BMI088_GPIO_init  bmi088middleware.o
    0x08000756   0x08000756   0x00000002   PAD
    0x08000758   0x08000758   0x00000014   Code   RO         2657    .text.BMI088_GYRO_NS_H  bmi088middleware.o
    0x0800076c   0x0800076c   0x00000014   Code   RO         2655    .text.BMI088_GYRO_NS_L  bmi088middleware.o
    0x08000780   0x08000780   0x00000074   Code   RO         2616    .text.BMI088_accel_read_over  bmi088driver.o
    0x080007f4   0x080007f4   0x00000002   Code   RO         2645    .text.BMI088_com_init  bmi088middleware.o
    0x080007f6   0x080007f6   0x00000002   PAD
    0x080007f8   0x080007f8   0x00000008   Code   RO         2647    .text.BMI088_delay_ms  bmi088middleware.o
    0x08000800   0x08000800   0x00000008   Code   RO         2649    .text.BMI088_delay_us  bmi088middleware.o
    0x08000808   0x08000808   0x0000004e   Code   RO         2618    .text.BMI088_gyro_read_over  bmi088driver.o
    0x08000856   0x08000856   0x00000002   PAD
    0x08000858   0x08000858   0x00000030   Code   RO         2600    .text.BMI088_init   bmi088driver.o
    0x08000888   0x08000888   0x0000016e   Code   RO         2620    .text.BMI088_read   bmi088driver.o
    0x080009f6   0x080009f6   0x00000002   PAD
    0x080009f8   0x080009f8   0x0000002e   Code   RO         2659    .text.BMI088_read_write_byte  bmi088middleware.o
    0x08000a26   0x08000a26   0x00000002   PAD
    0x08000a28   0x08000a28   0x0000003a   Code   RO         2614    .text.BMI088_temperature_read_over  bmi088driver.o
    0x08000a62   0x08000a62   0x00000002   PAD
    0x08000a64   0x08000a64   0x00000002   Code   RO          196    .text.BusFault_Handler  stm32f4xx_it.o
    0x08000a66   0x08000a66   0x00000002   PAD
    0x08000a68   0x08000a68   0x00000010   Code   RO          210    .text.CAN1_RX1_IRQHandler  stm32f4xx_it.o
    0x08000a78   0x08000a78   0x00000010   Code   RO          224    .text.CAN2_RX0_IRQHandler  stm32f4xx_it.o
    0x08000a88   0x08000a88   0x00000046   Code   RO         2126    .text.CAN_Init      bsp_can.o
    0x08000ace   0x08000ace   0x00000002   PAD
    0x08000ad0   0x08000ad0   0x0000002c   Code   RO         2132    .text.CANx_SendData_EXT  bsp_can.o
    0x08000afc   0x08000afc   0x0000005c   Code   RO         2128    .text.CanFilter_Init  bsp_can.o
    0x08000b58   0x08000b58   0x00000010   Code   RO          208    .text.DMA1_Stream1_IRQHandler  stm32f4xx_it.o
    0x08000b68   0x08000b68   0x000002c6   Code   RO         2740    .text.DMA2_Stream0_IRQHandler  ins_task.o
    0x08000e2e   0x08000e2e   0x00000002   PAD
    0x08000e30   0x08000e30   0x00000010   Code   RO          220    .text.DMA2_Stream1_IRQHandler  stm32f4xx_it.o
    0x08000e40   0x08000e40   0x00000010   Code   RO          222    .text.DMA2_Stream3_IRQHandler  stm32f4xx_it.o
    0x08000e50   0x08000e50   0x00000010   Code   RO          226    .text.DMA2_Stream6_IRQHandler  stm32f4xx_it.o
    0x08000e60   0x08000e60   0x00000002   Code   RO          200    .text.DebugMon_Handler  stm32f4xx_it.o
    0x08000e62   0x08000e62   0x00000002   PAD
    0x08000e64   0x08000e64   0x0000000a   Code   RO          202    .text.EXTI0_IRQHandler  stm32f4xx_it.o
    0x08000e6e   0x08000e6e   0x00000002   PAD
    0x08000e70   0x08000e70   0x0000000a   Code   RO          204    .text.EXTI3_IRQHandler  stm32f4xx_it.o
    0x08000e7a   0x08000e7a   0x00000002   PAD
    0x08000e7c   0x08000e7c   0x0000000a   Code   RO          206    .text.EXTI4_IRQHandler  stm32f4xx_it.o
    0x08000e86   0x08000e86   0x00000002   PAD
    0x08000e88   0x08000e88   0x0000000a   Code   RO          212    .text.EXTI9_5_IRQHandler  stm32f4xx_it.o
    0x08000e92   0x08000e92   0x00000002   PAD
    0x08000e94   0x08000e94   0x00000002   Code   RO           15    .text.Error_Handler  main.o
    0x08000e96   0x08000e96   0x00000002   PAD
    0x08000e98   0x08000e98   0x000000e2   Code   RO          418    .text.FLASH_WaitForLastOperation  stm32f4xx_hal_flash.o
    0x08000f7a   0x08000f7a   0x00000002   PAD
    0x08000f7c   0x08000f7c   0x00000020   Code   RO         2383    .text.Get_SystemTimer  dev_timer.o
    0x08000f9c   0x08000f9c   0x00000108   Code   RO          305    .text.HAL_ADC_ConfigChannel  stm32f4xx_hal_adc.o
    0x080010a4   0x080010a4   0x00000006   Code   RO          301    .text.HAL_ADC_GetValue  stm32f4xx_hal_adc.o
    0x080010aa   0x080010aa   0x00000002   PAD
    0x080010ac   0x080010ac   0x0000014c   Code   RO          263    .text.HAL_ADC_Init  stm32f4xx_hal_adc.o
    0x080011f8   0x080011f8   0x000000a0   Code   RO           60    .text.HAL_ADC_MspInit  adc.o
    0x08001298   0x08001298   0x000000be   Code   RO          275    .text.HAL_ADC_PollForConversion  stm32f4xx_hal_adc.o
    0x08001356   0x08001356   0x00000002   PAD
    0x08001358   0x08001358   0x0000012c   Code   RO          271    .text.HAL_ADC_Start  stm32f4xx_hal_adc.o
    0x08001484   0x08001484   0x00000026   Code   RO          774    .text.HAL_CAN_ActivateNotification  stm32f4xx_hal_can.o
    0x080014aa   0x080014aa   0x00000002   PAD
    0x080014ac   0x080014ac   0x000000a4   Code   RO          760    .text.HAL_CAN_AddTxMessage  stm32f4xx_hal_can.o
    0x08001550   0x08001550   0x000000de   Code   RO          750    .text.HAL_CAN_ConfigFilter  stm32f4xx_hal_can.o
    0x0800162e   0x0800162e   0x00000002   PAD
    0x08001630   0x08001630   0x00000002   Code   RO          804    .text.HAL_CAN_ErrorCallback  stm32f4xx_hal_can.o
    0x08001632   0x08001632   0x00000002   PAD
    0x08001634   0x08001634   0x0000011c   Code   RO          770    .text.HAL_CAN_GetRxMessage  stm32f4xx_hal_can.o
    0x08001750   0x08001750   0x0000023a   Code   RO          778    .text.HAL_CAN_IRQHandler  stm32f4xx_hal_can.o
    0x0800198a   0x0800198a   0x00000002   PAD
    0x0800198c   0x0800198c   0x000000f4   Code   RO          740    .text.HAL_CAN_Init  stm32f4xx_hal_can.o
    0x08001a80   0x08001a80   0x0000011e   Code   RO           78    .text.HAL_CAN_MspInit  can.o
    0x08001b9e   0x08001b9e   0x00000002   PAD
    0x08001ba0   0x08001ba0   0x00000002   Code   RO          792    .text.HAL_CAN_RxFifo0FullCallback  stm32f4xx_hal_can.o
    0x08001ba2   0x08001ba2   0x00000002   PAD
    0x08001ba4   0x08001ba4   0x0000004c   Code   RO         2134    .text.HAL_CAN_RxFifo0MsgPendingCallback  bsp_can.o
    0x08001bf0   0x08001bf0   0x00000002   Code   RO          796    .text.HAL_CAN_RxFifo1FullCallback  stm32f4xx_hal_can.o
    0x08001bf2   0x08001bf2   0x00000002   PAD
    0x08001bf4   0x08001bf4   0x0000004c   Code   RO         2136    .text.HAL_CAN_RxFifo1MsgPendingCallback  bsp_can.o
    0x08001c40   0x08001c40   0x00000002   Code   RO          800    .text.HAL_CAN_SleepCallback  stm32f4xx_hal_can.o
    0x08001c42   0x08001c42   0x00000002   PAD
    0x08001c44   0x08001c44   0x0000005a   Code   RO          752    .text.HAL_CAN_Start  stm32f4xx_hal_can.o
    0x08001c9e   0x08001c9e   0x00000002   PAD
    0x08001ca0   0x08001ca0   0x00000002   Code   RO          782    .text.HAL_CAN_TxMailbox0AbortCallback  stm32f4xx_hal_can.o
    0x08001ca2   0x08001ca2   0x00000002   PAD
    0x08001ca4   0x08001ca4   0x00000002   Code   RO          780    .text.HAL_CAN_TxMailbox0CompleteCallback  stm32f4xx_hal_can.o
    0x08001ca6   0x08001ca6   0x00000002   PAD
    0x08001ca8   0x08001ca8   0x00000002   Code   RO          786    .text.HAL_CAN_TxMailbox1AbortCallback  stm32f4xx_hal_can.o
    0x08001caa   0x08001caa   0x00000002   PAD
    0x08001cac   0x08001cac   0x00000002   Code   RO          784    .text.HAL_CAN_TxMailbox1CompleteCallback  stm32f4xx_hal_can.o
    0x08001cae   0x08001cae   0x00000002   PAD
    0x08001cb0   0x08001cb0   0x00000002   Code   RO          790    .text.HAL_CAN_TxMailbox2AbortCallback  stm32f4xx_hal_can.o
    0x08001cb2   0x08001cb2   0x00000002   PAD
    0x08001cb4   0x08001cb4   0x00000002   Code   RO          788    .text.HAL_CAN_TxMailbox2CompleteCallback  stm32f4xx_hal_can.o
    0x08001cb6   0x08001cb6   0x00000002   PAD
    0x08001cb8   0x08001cb8   0x00000002   Code   RO          802    .text.HAL_CAN_WakeUpFromRxMsgCallback  stm32f4xx_hal_can.o
    0x08001cba   0x08001cba   0x00000002   PAD
    0x08001cbc   0x08001cbc   0x00000080   Code   RO          516    .text.HAL_DMA_Abort  stm32f4xx_hal_dma.o
    0x08001d3c   0x08001d3c   0x00000024   Code   RO          518    .text.HAL_DMA_Abort_IT  stm32f4xx_hal_dma.o
    0x08001d60   0x08001d60   0x0000018a   Code   RO          522    .text.HAL_DMA_IRQHandler  stm32f4xx_hal_dma.o
    0x08001eea   0x08001eea   0x00000002   PAD
    0x08001eec   0x08001eec   0x00000140   Code   RO          508    .text.HAL_DMA_Init  stm32f4xx_hal_dma.o
    0x0800202c   0x0800202c   0x0000009c   Code   RO          514    .text.HAL_DMA_Start_IT  stm32f4xx_hal_dma.o
    0x080020c8   0x080020c8   0x00000028   Code   RO          669    .text.HAL_Delay     stm32f4xx_hal.o
    0x080020f0   0x080020f0   0x00000168   Code   RO          449    .text.HAL_FLASHEx_Erase  stm32f4xx_hal_flash_ex.o
    0x08002258   0x08002258   0x00000014   Code   RO          430    .text.HAL_FLASH_Lock  stm32f4xx_hal_flash.o
    0x0800226c   0x0800226c   0x0000010c   Code   RO          416    .text.HAL_FLASH_Program  stm32f4xx_hal_flash.o
    0x08002378   0x08002378   0x0000002e   Code   RO          428    .text.HAL_FLASH_Unlock  stm32f4xx_hal_flash.o
    0x080023a6   0x080023a6   0x00000002   PAD
    0x080023a8   0x080023a8   0x000000d6   Code   RO         2736    .text.HAL_GPIO_EXTI_Callback  ins_task.o
    0x0800247e   0x0800247e   0x00000002   PAD
    0x08002480   0x08002480   0x0000001a   Code   RO          482    .text.HAL_GPIO_EXTI_IRQHandler  stm32f4xx_hal_gpio.o
    0x0800249a   0x0800249a   0x00000002   PAD
    0x0800249c   0x0800249c   0x000001a0   Code   RO          470    .text.HAL_GPIO_Init  stm32f4xx_hal_gpio.o
    0x0800263c   0x0800263c   0x0000000a   Code   RO          474    .text.HAL_GPIO_ReadPin  stm32f4xx_hal_gpio.o
    0x08002646   0x08002646   0x00000002   PAD
    0x08002648   0x08002648   0x0000000a   Code   RO          476    .text.HAL_GPIO_WritePin  stm32f4xx_hal_gpio.o
    0x08002652   0x08002652   0x00000002   PAD
    0x08002654   0x08002654   0x0000000c   Code   RO          661    .text.HAL_GetTick   stm32f4xx_hal.o
    0x08002660   0x08002660   0x00000198   Code   RO          820    .text.HAL_I2C_Init  stm32f4xx_hal_i2c.o
    0x080027f8   0x080027f8   0x0000034c   Code   RO          864    .text.HAL_I2C_Mem_Read  stm32f4xx_hal_i2c.o
    0x08002b44   0x08002b44   0x00000194   Code   RO          860    .text.HAL_I2C_Mem_Write  stm32f4xx_hal_i2c.o
    0x08002cd8   0x08002cd8   0x000000b2   Code   RO          104    .text.HAL_I2C_MspInit  i2c.o
    0x08002d8a   0x08002d8a   0x00000002   PAD
    0x08002d8c   0x08002d8c   0x0000001a   Code   RO          659    .text.HAL_IncTick   stm32f4xx_hal.o
    0x08002da6   0x08002da6   0x00000002   PAD
    0x08002da8   0x08002da8   0x00000036   Code   RO          649    .text.HAL_Init      stm32f4xx_hal.o
    0x08002dde   0x08002dde   0x00000002   PAD
    0x08002de0   0x08002de0   0x000000ae   Code   RO          248    .text.HAL_InitTick  stm32f4xx_hal_timebase_tim.o
    0x08002e8e   0x08002e8e   0x00000002   PAD
    0x08002e90   0x08002e90   0x00000046   Code   RO          239    .text.HAL_MspInit   stm32f4xx_hal_msp.o
    0x08002ed6   0x08002ed6   0x00000002   PAD
    0x08002ed8   0x08002ed8   0x00000020   Code   RO          607    .text.HAL_NVIC_EnableIRQ  stm32f4xx_hal_cortex.o
    0x08002ef8   0x08002ef8   0x00000056   Code   RO          605    .text.HAL_NVIC_SetPriority  stm32f4xx_hal_cortex.o
    0x08002f4e   0x08002f4e   0x00000002   PAD
    0x08002f50   0x08002f50   0x00000020   Code   RO          603    .text.HAL_NVIC_SetPriorityGrouping  stm32f4xx_hal_cortex.o
    0x08002f70   0x08002f70   0x00000004   Code   RO          611    .text.HAL_NVIC_SystemReset  stm32f4xx_hal_cortex.o
    0x08002f74   0x08002f74   0x00000080   Code   RO          547    .text.HAL_PWR_ConfigPVD  stm32f4xx_hal_pwr.o
    0x08002ff4   0x08002ff4   0x0000000c   Code   RO          549    .text.HAL_PWR_EnablePVD  stm32f4xx_hal_pwr.o
    0x08003000   0x08003000   0x0000000e   Code   RO         2200    .text.HAL_PWR_PVDCallback  bsp_pvd.o
    0x0800300e   0x0800300e   0x00000002   PAD
    0x08003010   0x08003010   0x0000001e   Code   RO          563    .text.HAL_PWR_PVD_IRQHandler  stm32f4xx_hal_pwr.o
    0x0800302e   0x0800302e   0x00000002   PAD
    0x08003030   0x08003030   0x00000160   Code   RO          364    .text.HAL_RCC_ClockConfig  stm32f4xx_hal_rcc.o
    0x08003190   0x08003190   0x0000003e   Code   RO          382    .text.HAL_RCC_GetClockConfig  stm32f4xx_hal_rcc.o
    0x080031ce   0x080031ce   0x00000002   PAD
    0x080031d0   0x080031d0   0x00000026   Code   RO          376    .text.HAL_RCC_GetPCLK1Freq  stm32f4xx_hal_rcc.o
    0x080031f6   0x080031f6   0x00000002   PAD
    0x080031f8   0x080031f8   0x00000026   Code   RO          378    .text.HAL_RCC_GetPCLK2Freq  stm32f4xx_hal_rcc.o
    0x0800321e   0x0800321e   0x00000002   PAD
    0x08003220   0x08003220   0x00000068   Code   RO          366    .text.HAL_RCC_GetSysClockFreq  stm32f4xx_hal_rcc.o
    0x08003288   0x08003288   0x00000348   Code   RO          362    .text.HAL_RCC_OscConfig  stm32f4xx_hal_rcc.o
    0x080035d0   0x080035d0   0x000000b4   Code   RO          955    .text.HAL_SPI_Init  stm32f4xx_hal_spi.o
    0x08003684   0x08003684   0x000001d2   Code   RO          121    .text.HAL_SPI_MspInit  spi.o
    0x08003856   0x08003856   0x00000002   PAD
    0x08003858   0x08003858   0x00000220   Code   RO          967    .text.HAL_SPI_TransmitReceive  stm32f4xx_hal_spi.o
    0x08003a78   0x08003a78   0x00000002   Code   RO         1376    .text.HAL_TIMEx_BreakCallback  stm32f4xx_hal_tim_ex.o
    0x08003a7a   0x08003a7a   0x00000002   PAD
    0x08003a7c   0x08003a7c   0x00000002   Code   RO         1372    .text.HAL_TIMEx_CommutCallback  stm32f4xx_hal_tim_ex.o
    0x08003a7e   0x08003a7e   0x00000002   PAD
    0x08003a80   0x08003a80   0x0000004c   Code   RO         1368    .text.HAL_TIMEx_ConfigBreakDeadTime  stm32f4xx_hal_tim_ex.o
    0x08003acc   0x08003acc   0x000000b8   Code   RO         1366    .text.HAL_TIMEx_MasterConfigSynchronization  stm32f4xx_hal_tim_ex.o
    0x08003b84   0x08003b84   0x0000005a   Code   RO         1071    .text.HAL_TIM_Base_Init  stm32f4xx_hal_tim.o
    0x08003bde   0x08003bde   0x00000002   PAD
    0x08003be0   0x08003be0   0x000000f4   Code   RO          149    .text.HAL_TIM_Base_MspInit  tim.o
    0x08003cd4   0x08003cd4   0x000000a0   Code   RO         1081    .text.HAL_TIM_Base_Start  stm32f4xx_hal_tim.o
    0x08003d74   0x08003d74   0x000000a8   Code   RO         1085    .text.HAL_TIM_Base_Start_IT  stm32f4xx_hal_tim.o
    0x08003e1c   0x08003e1c   0x0000019c   Code   RO         1251    .text.HAL_TIM_ConfigClockSource  stm32f4xx_hal_tim.o
    0x08003fb8   0x08003fb8   0x00000002   Code   RO         1207    .text.HAL_TIM_IC_CaptureCallback  stm32f4xx_hal_tim.o
    0x08003fba   0x08003fba   0x00000002   PAD
    0x08003fbc   0x08003fbc   0x0000016a   Code   RO         1205    .text.HAL_TIM_IRQHandler  stm32f4xx_hal_tim.o
    0x08004126   0x08004126   0x00000002   PAD
    0x08004128   0x08004128   0x00000144   Code   RO          139    .text.HAL_TIM_MspPostInit  tim.o
    0x0800426c   0x0800426c   0x00000002   Code   RO         1209    .text.HAL_TIM_OC_DelayElapsedCallback  stm32f4xx_hal_tim.o
    0x0800426e   0x0800426e   0x00000002   PAD
    0x08004270   0x08004270   0x00000216   Code   RO         1225    .text.HAL_TIM_PWM_ConfigChannel  stm32f4xx_hal_tim.o
    0x08004486   0x08004486   0x00000002   PAD
    0x08004488   0x08004488   0x0000005a   Code   RO         1125    .text.HAL_TIM_PWM_Init  stm32f4xx_hal_tim.o
    0x080044e2   0x080044e2   0x00000002   PAD
    0x080044e4   0x080044e4   0x00000002   Code   RO         1127    .text.HAL_TIM_PWM_MspInit  stm32f4xx_hal_tim.o
    0x080044e6   0x080044e6   0x00000002   PAD
    0x080044e8   0x080044e8   0x00000002   Code   RO         1211    .text.HAL_TIM_PWM_PulseFinishedCallback  stm32f4xx_hal_tim.o
    0x080044ea   0x080044ea   0x00000002   PAD
    0x080044ec   0x080044ec   0x0000012e   Code   RO         1133    .text.HAL_TIM_PWM_Start  stm32f4xx_hal_tim.o
    0x0800461a   0x0800461a   0x00000002   PAD
    0x0800461c   0x0800461c   0x0000009c   Code   RO         1135    .text.HAL_TIM_PWM_Stop  stm32f4xx_hal_tim.o
    0x080046b8   0x080046b8   0x00000024   Code   RO           17    .text.HAL_TIM_PeriodElapsedCallback  main.o
    0x080046dc   0x080046dc   0x00000002   Code   RO         1215    .text.HAL_TIM_TriggerCallback  stm32f4xx_hal_tim.o
    0x080046de   0x080046de   0x00000002   PAD
    0x080046e0   0x080046e0   0x00000002   Code   RO         1474    .text.HAL_UARTEx_RxEventCallback  stm32f4xx_hal_uart.o
    0x080046e2   0x080046e2   0x00000002   PAD
    0x080046e4   0x080046e4   0x000000d6   Code   RO         1432    .text.HAL_UART_DMAStop  stm32f4xx_hal_uart.o
    0x080047ba   0x080047ba   0x00000002   PAD
    0x080047bc   0x080047bc   0x00000002   Code   RO         1472    .text.HAL_UART_ErrorCallback  stm32f4xx_hal_uart.o
    0x080047be   0x080047be   0x00000002   PAD
    0x080047c0   0x080047c0   0x000002ee   Code   RO         1466    .text.HAL_UART_IRQHandler  stm32f4xx_hal_uart.o
    0x08004aae   0x08004aae   0x00000002   PAD
    0x08004ab0   0x08004ab0   0x0000005e   Code   RO         1390    .text.HAL_UART_Init  stm32f4xx_hal_uart.o
    0x08004b0e   0x08004b0e   0x00000002   PAD
    0x08004b10   0x08004b10   0x00000260   Code   RO          172    .text.HAL_UART_MspInit  usart.o
    0x08004d70   0x08004d70   0x00000038   Code   RO         1424    .text.HAL_UART_Receive_DMA  stm32f4xx_hal_uart.o
    0x08004da8   0x08004da8   0x00000002   Code   RO         1480    .text.HAL_UART_RxCpltCallback  stm32f4xx_hal_uart.o
    0x08004daa   0x08004daa   0x00000002   PAD
    0x08004dac   0x08004dac   0x00000002   Code   RO         1482    .text.HAL_UART_RxHalfCpltCallback  stm32f4xx_hal_uart.o
    0x08004dae   0x08004dae   0x00000002   PAD
    0x08004db0   0x08004db0   0x00000002   Code   RO         1476    .text.HAL_UART_TxCpltCallback  stm32f4xx_hal_uart.o
    0x08004db2   0x08004db2   0x00000002   PAD
    0x08004db4   0x08004db4   0x00000002   Code   RO          192    .text.HardFault_Handler  stm32f4xx_it.o
    0x08004db6   0x08004db6   0x00000002   PAD
    0x08004db8   0x08004db8   0x0000024e   Code   RO          866    .text.I2C_RequestMemoryRead  stm32f4xx_hal_i2c.o
    0x08005006   0x08005006   0x00000002   PAD
    0x08005008   0x08005008   0x000001d2   Code   RO          862    .text.I2C_RequestMemoryWrite  stm32f4xx_hal_i2c.o
    0x080051da   0x080051da   0x00000002   PAD
    0x080051dc   0x080051dc   0x0000006a   Code   RO          832    .text.I2C_WaitOnBTFFlagUntilTimeout  stm32f4xx_hal_i2c.o
    0x08005246   0x08005246   0x00000002   PAD
    0x08005248   0x08005248   0x00000074   Code   RO          830    .text.I2C_WaitOnFlagUntilTimeout  stm32f4xx_hal_i2c.o
    0x080052bc   0x080052bc   0x0000007a   Code   RO          944    .text.I2C_WaitOnMasterAddressFlagUntilTimeout  stm32f4xx_hal_i2c.o
    0x08005336   0x08005336   0x00000002   PAD
    0x08005338   0x08005338   0x00000086   Code   RO         2675    .text.IMU_Cali      calibrate_task.o
    0x080053be   0x080053be   0x00000002   PAD
    0x080053c0   0x080053c0   0x00000090   Code   RO         2732    .text.INS_cali_gyro  ins_task.o
    0x08005450   0x08005450   0x00000036   Code   RO         2734    .text.INS_set_cali_gyro  ins_task.o
    0x08005486   0x08005486   0x00000002   PAD
    0x08005488   0x08005488   0x00000650   Code   RO         2728    .text.INS_task      ins_task.o
    0x08005ad8   0x08005ad8   0x00000072   Code   RO           56    .text.MX_ADC1_Init  adc.o
    0x08005b4a   0x08005b4a   0x00000002   PAD
    0x08005b4c   0x08005b4c   0x00000072   Code   RO           58    .text.MX_ADC3_Init  adc.o
    0x08005bbe   0x08005bbe   0x00000002   PAD
    0x08005bc0   0x08005bc0   0x00000048   Code   RO           74    .text.MX_CAN1_Init  can.o
    0x08005c08   0x08005c08   0x00000048   Code   RO           76    .text.MX_CAN2_Init  can.o
    0x08005c50   0x08005c50   0x0000008a   Code   RO           93    .text.MX_DMA_Init   dma.o
    0x08005cda   0x08005cda   0x00000002   PAD
    0x08005cdc   0x08005cdc   0x0000003c   Code   RO           39    .text.MX_FREERTOS_Init  freertos.o
    0x08005d18   0x08005d18   0x000001f0   Code   RO           28    .text.MX_GPIO_Init  gpio.o
    0x08005f08   0x08005f08   0x0000003e   Code   RO          102    .text.MX_I2C3_Init  i2c.o
    0x08005f46   0x08005f46   0x00000002   PAD
    0x08005f48   0x08005f48   0x0000004e   Code   RO          117    .text.MX_SPI1_Init  spi.o
    0x08005f96   0x08005f96   0x00000002   PAD
    0x08005f98   0x08005f98   0x00000042   Code   RO          119    .text.MX_SPI2_Init  spi.o
    0x08005fda   0x08005fda   0x00000002   PAD
    0x08005fdc   0x08005fdc   0x00000088   Code   RO          147    .text.MX_TIM10_Init  tim.o
    0x08006064   0x08006064   0x0000010c   Code   RO          137    .text.MX_TIM1_Init  tim.o
    0x08006170   0x08006170   0x00000078   Code   RO          141    .text.MX_TIM2_Init  tim.o
    0x080061e8   0x080061e8   0x000000ce   Code   RO          143    .text.MX_TIM4_Init  tim.o
    0x080062b6   0x080062b6   0x00000002   PAD
    0x080062b8   0x080062b8   0x000000fa   Code   RO          145    .text.MX_TIM5_Init  tim.o
    0x080063b2   0x080063b2   0x00000002   PAD
    0x080063b4   0x080063b4   0x00000038   Code   RO          166    .text.MX_USART1_UART_Init  usart.o
    0x080063ec   0x080063ec   0x00000044   Code   RO          168    .text.MX_USART3_UART_Init  usart.o
    0x08006430   0x08006430   0x00000038   Code   RO          170    .text.MX_USART6_UART_Init  usart.o
    0x08006468   0x08006468   0x00000448   Code   RO         2857    .text.MahonyAHRSupdate  mahonyahrs.o
    0x080068b0   0x080068b0   0x0000029c   Code   RO         2859    .text.MahonyAHRSupdateIMU  mahonyahrs.o
    0x08006b4c   0x08006b4c   0x00000002   Code   RO          194    .text.MemManage_Handler  stm32f4xx_it.o
    0x08006b4e   0x08006b4e   0x00000002   PAD
    0x08006b50   0x08006b50   0x00000002   Code   RO          190    .text.NMI_Handler   stm32f4xx_it.o
    0x08006b52   0x08006b52   0x00000002   PAD
    0x08006b54   0x08006b54   0x00000052   Code   RO         2198    .text.PVD_Config    bsp_pvd.o
    0x08006ba6   0x08006ba6   0x00000002   PAD
    0x08006ba8   0x08006ba8   0x00000008   Code   RO          230    .text.PVD_IRQHandler  stm32f4xx_it.o
    0x08006bb0   0x08006bb0   0x00000064   Code   RO         1967    .text.PendSV_Handler  port.o
    0x08006c14   0x08006c14   0x00000b4a   Code   RO         2243    .text.SPI1_DMA_enable  bsp_spi.o
    0x0800775e   0x0800775e   0x00000002   PAD
    0x08007760   0x08007760   0x000000f2   Code   RO         2241    .text.SPI1_DMA_init  bsp_spi.o
    0x08007852   0x08007852   0x00000002   PAD
    0x08007854   0x08007854   0x000000ce   Code   RO         1061    .text.SPI_WaitFlagStateUntilTimeout  stm32f4xx_hal_spi.o
    0x08007922   0x08007922   0x0000000e   PAD
    0x08007930   0x08007930   0x00000024   Code   RO         1951    .text.SVC_Handler   port.o
    0x08007954   0x08007954   0x00000014   Code   RO           41    .text.StartDefaultTask  freertos.o
    0x08007968   0x08007968   0x0000002e   Code   RO         1969    .text.SysTick_Handler  port.o
    0x08007996   0x08007996   0x00000002   PAD
    0x08007998   0x08007998   0x00000012   Code   RO         1510    .text.SystemInit    system_stm32f4xx.o
    0x080079aa   0x080079aa   0x00000002   PAD
    0x080079ac   0x080079ac   0x0000012c   Code   RO         2563    .text.System_Tasks_Init  system_config.o
    0x08007ad8   0x08007ad8   0x00000010   Code   RO          214    .text.TIM2_IRQHandler  stm32f4xx_it.o
    0x08007ae8   0x08007ae8   0x00000010   Code   RO          218    .text.TIM6_DAC_IRQHandler  stm32f4xx_it.o
    0x08007af8   0x08007af8   0x00000124   Code   RO         1075    .text.TIM_Base_SetConfig  stm32f4xx_hal_tim.o
    0x08007c1c   0x08007c1c   0x0000001a   Code   RO         2381    .text.Timer_Init    dev_timer.o
    0x08007c36   0x08007c36   0x00000002   PAD
    0x08007c38   0x08007c38   0x00000010   Code   RO         1470    .text.UART_DMAAbortOnError  stm32f4xx_hal_uart.o
    0x08007c48   0x08007c48   0x000000a8   Code   RO         1422    .text.UART_DMAError  stm32f4xx_hal_uart.o
    0x08007cf0   0x08007cf0   0x00000080   Code   RO         1498    .text.UART_DMAReceiveCplt  stm32f4xx_hal_uart.o
    0x08007d70   0x08007d70   0x0000001a   Code   RO         1500    .text.UART_DMARxHalfCplt  stm32f4xx_hal_uart.o
    0x08007d8a   0x08007d8a   0x00000002   PAD
    0x08007d8c   0x08007d8c   0x000000c4   Code   RO         1468    .text.UART_Receive_IT  stm32f4xx_hal_uart.o
    0x08007e50   0x08007e50   0x000000de   Code   RO         1394    .text.UART_SetConfig  stm32f4xx_hal_uart.o
    0x08007f2e   0x08007f2e   0x00000002   PAD
    0x08007f30   0x08007f30   0x0000009a   Code   RO         1426    .text.UART_Start_Receive_DMA  stm32f4xx_hal_uart.o
    0x08007fca   0x08007fca   0x00000002   PAD
    0x08007fcc   0x08007fcc   0x0000001c   Code   RO          216    .text.USART3_IRQHandler  stm32f4xx_it.o
    0x08007fe8   0x08007fe8   0x0000001c   Code   RO          228    .text.USART6_IRQHandler  stm32f4xx_it.o
    0x08008004   0x08008004   0x00000058   Code   RO         2224    .text.Uart_Receive_Handler  bsp_uart.o
    0x0800805c   0x0800805c   0x00000010   Code   RO         2385    .text.Update_SystemTick  dev_timer.o
    0x0800806c   0x0800806c   0x00000002   Code   RO          198    .text.UsageFault_Handler  stm32f4xx_it.o
    0x0800806e   0x0800806e   0x00000002   PAD
    0x08008070   0x08008070   0x00000080   Code   RO         2561    .text.User_System_Init  system_config.o
    0x080080f0   0x080080f0   0x0000007c   Code   RO         2572    .text._GLOBAL__sub_I_System_DataPool.cpp  system_datapool.o
    0x0800816c   0x0800816c   0x00000024   Code   RO         2531    .text._Z12Task_ControlPv  task_control.o
    0x08008190   0x08008190   0x0000005e   Code   RO         2500    .text._Z17Task_CAN1_ReceivePv  task_can.o
    0x080081ee   0x080081ee   0x00000002   PAD
    0x080081f0   0x080081f0   0x0000006c   Code   RO         2502    .text._Z17Task_CAN2_ReceivePv  task_can.o
    0x0800825c   0x0800825c   0x00000198   Code   RO         2517    .text._Z19Task_DevicesMonitorPv  task_check.o
    0x080083f4   0x080083f4   0x00000030   Code   RO         2305    .text._Z24User_CAN1_RxCpltCallbackP10CanRxMsg_t  dev_comm.o
    0x08008424   0x08008424   0x00000030   Code   RO         2307    .text._Z24User_CAN2_RxCpltCallbackP10CanRxMsg_t  dev_comm.o
    0x08008454   0x08008454   0x00000016   Code   RO         2552    .text._Z8Task_LEDPv  task_led.o
    0x0800846a   0x0800846a   0x00000002   PAD
    0x0800846c   0x0800846c   0x0000002a   Code   RO         2426    .text._ZN12LED_classdef4InitEv  dev_led.o
    0x08008496   0x08008496   0x00000002   PAD
    0x08008498   0x08008498   0x00000024   Code   RO         2424    .text._ZN12LED_classdefC2Ev  dev_led.o
    0x080084bc   0x080084bc   0x000000b0   Code   RO         2475    .text._ZN14BldcDrive_VESC13State_getInfoEjPh  dev_bldc.o
    0x0800856c   0x0800856c   0x0000002a   Code   RO         2473    .text._ZN14BldcDrive_VESC7Set_rpmEP19__CAN_HandleTypeDeff  dev_bldc.o
    0x08008596   0x08008596   0x00000002   PAD
    0x08008598   0x08008598   0x00000004   Code   RO         2269    .text._ZN15Buzzer_Classdef12Set_RingTypeEa  dev_buzzer.o
    0x0800859c   0x0800859c   0x00000054   Code   RO         2273    .text._ZN15Buzzer_Classdef16SuperMario_MusicEv  dev_buzzer.o
    0x080085f0   0x080085f0   0x00000196   Code   RO         2271    .text._ZN15Buzzer_Classdef7ProcessEv  dev_buzzer.o
    0x08008786   0x08008786   0x00000002   PAD
    0x08008788   0x08008788   0x0000003a   Code   RO         2091    .text._ZN16Chassis_classdef13CAN_Recv_LFRBEPh  app_chassis.o
    0x080087c2   0x080087c2   0x00000002   PAD
    0x080087c4   0x080087c4   0x0000003a   Code   RO         2089    .text._ZN16Chassis_classdef13CAN_Recv_RFLBEPh  app_chassis.o
    0x080087fe   0x080087fe   0x00000002   PAD
    0x08008800   0x08008800   0x00000170   Code   RO         2083    .text._ZN16Chassis_classdef7ControlEv  app_chassis.o
    0x08008970   0x08008970   0x000000d2   Code   RO         2081    .text._ZN16Chassis_classdefC2Ev  app_chassis.o
    0x08008a42   0x08008a42   0x00000002   PAD
    0x08008a44   0x08008a44   0x0000000e   Code   RO         2106    .text._ZN16SendIMU_classdefC2Ev  app_sendimu.o
    0x08008a52   0x08008a52   0x00000002   PAD
    0x08008a54   0x08008a54   0x0000004c   Code   RO         2061    .text._ZN23DevicesMonitor_classdef13Devices_DetecEv  app_devices.o
    0x08008aa0   0x08008aa0   0x0000000c   Code   RO         2065    .text._ZN23DevicesMonitor_classdef6UpdateE11FrameType_e  app_devices.o
    0x08008aac   0x08008aac   0x00000020   Code   RO         2067    .text._ZN23DevicesMonitor_classdef9Get_StateEj  app_devices.o
    0x08008acc   0x08008acc   0x00000016   Code   RO         2010    .text._ZN8PIDTimer19getMicroTick_registEPFjvE  algo_pid.o
    0x08008ae2   0x08008ae2   0x00000002   PAD
    0x08008ae4   0x08008ae4   0x00000024   Code   RO          613    .text.__NVIC_SystemReset  stm32f4xx_hal_cortex.o
    0x08008b08   0x08008b08   0x0000013e   Code   RO         2604    .text.bmi088_accel_init  bmi088driver.o
    0x08008c46   0x08008c46   0x00000002   PAD
    0x08008c48   0x08008c48   0x000002ea   Code   RO         2602    .text.bmi088_accel_self_test  bmi088driver.o
    0x08008f32   0x08008f32   0x00000002   PAD
    0x08008f34   0x08008f34   0x000000fa   Code   RO         2608    .text.bmi088_gyro_init  bmi088driver.o
    0x0800902e   0x0800902e   0x00000002   PAD
    0x08009030   0x08009030   0x000000d8   Code   RO         2606    .text.bmi088_gyro_self_test  bmi088driver.o
    0x08009108   0x08009108   0x00000044   Code   RO         2669    .text.cali_gyro_hook  calibrate_task.o
    0x0800914c   0x0800914c   0x000000a6   Code   RO         2673    .text.cali_param_init  calibrate_task.o
    0x080091f2   0x080091f2   0x00000002   PAD
    0x080091f4   0x080091f4   0x0000003c   Code   RO         2694    .text.delay_init    delay.o
    0x08009230   0x08009230   0x0000003a   Code   RO         2696    .text.delay_us      delay.o
    0x0800926a   0x0800926a   0x00000002   PAD
    0x0800926c   0x0800926c   0x0000007a   Code   RO         2152    .text.flash_erase_address  bsp_flash.o
    0x080092e6   0x080092e6   0x00000002   PAD
    0x080092e8   0x080092e8   0x00000010   Code   RO         2162    .text.flash_read    bsp_flash.o
    0x080092f8   0x080092f8   0x000000e6   Code   RO         2156    .text.flash_write_single_address  bsp_flash.o
    0x080093de   0x080093de   0x00000002   PAD
    0x080093e0   0x080093e0   0x0000006c   Code   RO         2257    .text.get_battery_voltage  bsp_adc.o
    0x0800944c   0x0800944c   0x00000136   Code   RO         2712    .text.imu_cali_slove  ins_task.o
    0x08009582   0x08009582   0x00000002   PAD
    0x08009584   0x08009584   0x00000162   Code   RO         2738    .text.imu_cmd_spi_dma  ins_task.o
    0x080096e6   0x080096e6   0x00000002   PAD
    0x080096e8   0x080096e8   0x0000014c   Code   RO         2718    .text.imu_temp_control  ins_task.o
    0x08009834   0x08009834   0x00000080   Code   RO         2253    .text.init_vrefint_reciprocal  bsp_adc.o
    0x080098b4   0x080098b4   0x00000002   Code   RO         2829    .text.ist8310_GPIO_init  ist8310driver_middleware.o
    0x080098b6   0x080098b6   0x00000002   PAD
    0x080098b8   0x080098b8   0x00000030   Code   RO         2833    .text.ist8310_IIC_read_single_reg  ist8310driver_middleware.o
    0x080098e8   0x080098e8   0x00000030   Code   RO         2835    .text.ist8310_IIC_write_single_reg  ist8310driver_middleware.o
    0x08009918   0x08009918   0x00000014   Code   RO         2845    .text.ist8310_RST_H  ist8310driver_middleware.o
    0x0800992c   0x0800992c   0x00000014   Code   RO         2847    .text.ist8310_RST_L  ist8310driver_middleware.o
    0x08009940   0x08009940   0x00000002   Code   RO         2831    .text.ist8310_com_init  ist8310driver_middleware.o
    0x08009942   0x08009942   0x00000002   PAD
    0x08009944   0x08009944   0x00000008   Code   RO         2841    .text.ist8310_delay_ms  ist8310driver_middleware.o
    0x0800994c   0x0800994c   0x00000082   Code   RO         2814    .text.ist8310_init  ist8310driver.o
    0x080099ce   0x080099ce   0x00000002   PAD
    0x080099d0   0x080099d0   0x000000ea   Code   RO           11    .text.main          main.o
    0x08009aba   0x08009aba   0x00000002   PAD
    0x08009abc   0x08009abc   0x00000010   Code   RO         1819    .text.osDelay       cmsis_os.o
    0x08009acc   0x08009acc   0x0000000a   Code   RO         1801    .text.osKernelStart  cmsis_os.o
    0x08009ad6   0x08009ad6   0x00000002   PAD
    0x08009ad8   0x08009ad8   0x0000005e   Code   RO         1807    .text.osThreadCreate  cmsis_os.o
    0x08009b36   0x08009b36   0x00000002   PAD
    0x08009b38   0x08009b38   0x0000000a   Code   RO         1811    .text.osThreadTerminate  cmsis_os.o
    0x08009b42   0x08009b42   0x00000002   PAD
    0x08009b44   0x08009b44   0x00000026   Code   RO         1719    .text.pcTaskGetName  tasks.o
    0x08009b6a   0x08009b6a   0x00000002   PAD
    0x08009b6c   0x08009b6c   0x000000a2   Code   RO         1683    .text.prvAddCurrentTaskToDelayedList  tasks.o
    0x08009c0e   0x08009c0e   0x00000002   PAD
    0x08009c10   0x08009c10   0x0000011a   Code   RO         1673    .text.prvAddNewTaskToReadyList  tasks.o
    0x08009d2a   0x08009d2a   0x00000002   PAD
    0x08009d2c   0x08009d2c   0x00000096   Code   RO         1707    .text.prvIdleTask   tasks.o
    0x08009dc2   0x08009dc2   0x00000002   PAD
    0x08009dc4   0x08009dc4   0x00000028   Code   RO         1959    .text.prvPortStartFirstTask  port.o
    0x08009dec   0x08009dec   0x00000032   Code   RO         1949    .text.prvTaskExitError  port.o
    0x08009e1e   0x08009e1e   0x00000002   PAD
    0x08009e20   0x08009e20   0x00000072   Code   RO         1584    .text.prvUnlockQueue  queue.o
    0x08009e92   0x08009e92   0x00000002   PAD
    0x08009e94   0x08009e94   0x000001c6   Code   RO         1919    .text.pvPortMalloc  heap_4.o
    0x0800a05a   0x0800a05a   0x00000002   PAD
    0x0800a05c   0x0800a05c   0x00000028   Code   RO         1947    .text.pxPortInitialiseStack  port.o
    0x0800a084   0x0800a084   0x0000006a   Code   RO         1757    .text.ulTaskNotifyTake  tasks.o
    0x0800a0ee   0x0800a0ee   0x00000002   PAD
    0x0800a0f0   0x0800a0f0   0x00000024   Code   RO         1562    .text.uxListRemove  list.o
    0x0800a114   0x0800a114   0x0000001a   Code   RO           37    .text.vApplicationGetIdleTaskMemory  freertos.o
    0x0800a12e   0x0800a12e   0x00000002   PAD
    0x0800a130   0x0800a130   0x00000016   Code   RO         1554    .text.vListInitialise  list.o
    0x0800a146   0x0800a146   0x00000002   PAD
    0x0800a148   0x0800a148   0x00000006   Code   RO         1556    .text.vListInitialiseItem  list.o
    0x0800a14e   0x0800a14e   0x00000002   PAD
    0x0800a150   0x0800a150   0x0000003a   Code   RO         1560    .text.vListInsert   list.o
    0x0800a18a   0x0800a18a   0x00000002   PAD
    0x0800a18c   0x0800a18c   0x0000001c   Code   RO         1558    .text.vListInsertEnd  list.o
    0x0800a1a8   0x0800a1a8   0x00000014   Code   RO         1957    .text.vPortEnableVFP  port.o
    0x0800a1bc   0x0800a1bc   0x00000046   Code   RO         1963    .text.vPortEnterCritical  port.o
    0x0800a202   0x0800a202   0x00000002   PAD
    0x0800a204   0x0800a204   0x0000002e   Code   RO         1965    .text.vPortExitCritical  port.o
    0x0800a232   0x0800a232   0x00000002   PAD
    0x0800a234   0x0800a234   0x000000d0   Code   RO         1921    .text.vPortFree     heap_4.o
    0x0800a304   0x0800a304   0x00000034   Code   RO         1955    .text.vPortSetupTimerInterrupt  port.o
    0x0800a338   0x0800a338   0x00000062   Code   RO         1971    .text.vPortValidateInterruptPriority  port.o
    0x0800a39a   0x0800a39a   0x00000002   PAD
    0x0800a39c   0x0800a39c   0x000000c2   Code   RO         1687    .text.vTaskDelay    tasks.o
    0x0800a45e   0x0800a45e   0x00000002   PAD
    0x0800a460   0x0800a460   0x0000010a   Code   RO         1679    .text.vTaskDelayUntil  tasks.o
    0x0800a56a   0x0800a56a   0x00000002   PAD
    0x0800a56c   0x0800a56c   0x00000142   Code   RO         1677    .text.vTaskDelete   tasks.o
    0x0800a6ae   0x0800a6ae   0x00000002   PAD
    0x0800a6b0   0x0800a6b0   0x0000001a   Code   RO         1735    .text.vTaskInternalSetTimeOutState  tasks.o
    0x0800a6ca   0x0800a6ca   0x00000002   PAD
    0x0800a6cc   0x0800a6cc   0x0000000e   Code   RO         1739    .text.vTaskMissedYield  tasks.o
    0x0800a6da   0x0800a6da   0x00000002   PAD
    0x0800a6dc   0x0800a6dc   0x000000dc   Code   RO         1765    .text.vTaskNotifyGiveFromISR  tasks.o
    0x0800a7b8   0x0800a7b8   0x00000032   Code   RO         1725    .text.vTaskPlaceOnEventList  tasks.o
    0x0800a7ea   0x0800a7ea   0x00000002   PAD
    0x0800a7ec   0x0800a7ec   0x00000080   Code   RO         1705    .text.vTaskStartScheduler  tasks.o
    0x0800a86c   0x0800a86c   0x00000010   Code   RO         1681    .text.vTaskSuspendAll  tasks.o
    0x0800a87c   0x0800a87c   0x00000086   Code   RO         1699    .text.vTaskSwitchContext  tasks.o
    0x0800a902   0x0800a902   0x00000002   PAD
    0x0800a904   0x0800a904   0x0000012e   Code   RO         1953    .text.xPortStartScheduler  port.o
    0x0800aa32   0x0800aa32   0x00000002   PAD
    0x0800aa34   0x0800aa34   0x0000007e   Code   RO         1576    .text.xQueueGenericCreate  queue.o
    0x0800aab2   0x0800aab2   0x00000002   PAD
    0x0800aab4   0x0800aab4   0x0000014e   Code   RO         1586    .text.xQueueGenericSendFromISR  queue.o
    0x0800ac02   0x0800ac02   0x00000002   PAD
    0x0800ac04   0x0800ac04   0x000001a8   Code   RO         1590    .text.xQueueReceive  queue.o
    0x0800adac   0x0800adac   0x0000008e   Code   RO         1737    .text.xTaskCheckForTimeOut  tasks.o
    0x0800ae3a   0x0800ae3a   0x00000002   PAD
    0x0800ae3c   0x0800ae3c   0x000000dc   Code   RO         1675    .text.xTaskCreate   tasks.o
    0x0800af18   0x0800af18   0x000000e8   Code   RO         1671    .text.xTaskCreateStatic  tasks.o
    0x0800b000   0x0800b000   0x00000264   Code   RO         1721    .text.xTaskGetHandle  tasks.o
    0x0800b264   0x0800b264   0x00000026   Code   RO         1745    .text.xTaskGetSchedulerState  tasks.o
    0x0800b28a   0x0800b28a   0x00000002   PAD
    0x0800b28c   0x0800b28c   0x0000000c   Code   RO         1713    .text.xTaskGetTickCount  tasks.o
    0x0800b298   0x0800b298   0x00000180   Code   RO         1711    .text.xTaskIncrementTick  tasks.o
    0x0800b418   0x0800b418   0x000000b2   Code   RO         1749    .text.xTaskPriorityDisinherit  tasks.o
    0x0800b4ca   0x0800b4ca   0x00000002   PAD
    0x0800b4cc   0x0800b4cc   0x00000090   Code   RO         1729    .text.xTaskRemoveFromEventList  tasks.o
    0x0800b55c   0x0800b55c   0x0000013c   Code   RO         1685    .text.xTaskResumeAll  tasks.o
    0x0800b698   0x0800b698   0x00000026   Code   RO         3347    i.__ARM_fpclassifyf  m_wm.l(fpclassifyf.o)
    0x0800b6be   0x0800b6be   0x00000002   PAD
    0x0800b6c0   0x0800b6c0   0x0000012c   Code   RO         3235    i.__hardfp_asinf    m_wm.l(asinf.o)
    0x0800b7ec   0x0800b7ec   0x000002ac   Code   RO         3241    i.__hardfp_atan2f   m_wm.l(atan2f.o)
    0x0800ba98   0x0800ba98   0x0000003a   Code   RO         3254    i.__hardfp_sqrtf    m_wm.l(sqrtf.o)
    0x0800bad2   0x0800bad2   0x00000006   Code   RO         3350    i.__mathlib_flt_infnan  m_wm.l(funder.o)
    0x0800bad8   0x0800bad8   0x00000006   Code   RO         3351    i.__mathlib_flt_infnan2  m_wm.l(funder.o)
    0x0800bade   0x0800bade   0x00000002   PAD
    0x0800bae0   0x0800bae0   0x00000010   Code   RO         3352    i.__mathlib_flt_invalid  m_wm.l(funder.o)
    0x0800baf0   0x0800baf0   0x00000010   Code   RO         3355    i.__mathlib_flt_underflow  m_wm.l(funder.o)
    0x0800bb00   0x0800bb00   0x0000003e   Code   RO         3256    i.sqrtf             m_wm.l(sqrtf.o)
    0x0800bb3e   0x0800bb3e   0x00000016   Code   RO         3391    x$fpl$fpinit        g_wm.l(fpinit.o)
    0x0800bb54   0x0800bb54   0x00000000   Code   RO         3346    x$fpl$usenofp       g_wm.l(usenofp.o)
    0x0800bb54   0x0800bb54   0x00000804   Data   RO         3156    .constdata          arm_cortexM4lf_math.lib(arm_common_tables.o)
    0x0800c358   0x0800c358   0x0000001c   Data   RO           46    .rodata..L__const.MX_FREERTOS_Init.os_thread_def_defaultTask  freertos.o
    0x0800c374   0x0800c374   0x0000001c   Data   RO         2432    .rodata..Lconstinit  dev_led.o
    0x0800c390   0x0800c390   0x00000088   Data   RO         2588    .rodata..Lconstinit  system_datapool.o
    0x0800c418   0x0800c418   0x00000018   Data   RO         2589    .rodata..Lconstinit.4  system_datapool.o
    0x0800c430   0x0800c430   0x00000018   Data   RO         2590    .rodata..Lconstinit.5  system_datapool.o
    0x0800c448   0x0800c448   0x00000018   Data   RO         2591    .rodata..Lconstinit.6  system_datapool.o
    0x0800c460   0x0800c460   0x00000010   Data   RO         1515    .rodata.AHBPrescTable  system_stm32f4xx.o
    0x0800c470   0x0800c470   0x00000008   Data   RO         1516    .rodata.APBPrescTable  system_stm32f4xx.o
    0x0800c478   0x0800c478   0x00000012   Data   RO         2634    .rodata.bmi088_accel_self_test.write_BMI088_ACCEL_self_test_Reg_Data_Error  bmi088driver.o
    0x0800c48a   0x0800c48a   0x00000008   Data   RO          532    .rodata.cst8        stm32f4xx_hal_dma.o
    0x0800c492   0x0800c492   0x0000000c   Data   RO         2820    .rodata.ist8310_write_reg_data_error  ist8310driver.o
    0x0800c49e   0x0800c49e   0x0000000c   Data   RO           45    .rodata.str1.1      freertos.o
    0x0800c4aa   0x0800c4aa   0x00000012   Data   RO         2632    .rodata.write_BMI088_accel_reg_data_error  bmi088driver.o
    0x0800c4bc   0x0800c4bc   0x00000012   Data   RO         2633    .rodata.write_BMI088_gyro_reg_data_error  bmi088driver.o
    0x0800c4ce   0x0800c4ce   0x00000002   PAD
    0x0800c4d0   0x0800c4d0   0x00000020   Data   RO         3494    Region$$Table       anon$$obj.o
    0x0800c4f0   0x0800c4f0   0x00000004   Data   RO         2592    .init_array         system_datapool.o
    0x0800c4f4   0x0800c4f0   0x00000000   Data   RO         3200    .init_array         c_w.l(init_aeabi.o)


    Execution Region RW_IRAM1 (Exec base: 0x20000000, Load base: 0x0800c4f8, Size: 0x000054a8, Max: 0x0001c000, ABSOLUTE)

    Exec Addr    Load Addr    Size         Type   Attr      Idx    E Section Name        Object

    0x20000000   0x0800c4f8   0x00000004   Data   RW         2630    .data.BMI088_ACCEL_SEN  bmi088driver.o
    0x20000004   0x0800c4fc   0x00000004   Data   RW         2631    .data.BMI088_GYRO_SEN  bmi088driver.o
    0x20000008   0x0800c500   0x00000001   Data   RW         2682    .data.IMU_Cali.key_last_level  calibrate_task.o
    0x20000009   0x0800c501   0x00000003   PAD
    0x2000000c   0x0800c504   0x00000004   Data   RW         1514    .data.SystemCoreClock  system_stm32f4xx.o
    0x20000010   0x0800c508   0x00000010   Data   RW         2071    .data._ZN23DevicesMonitor_classdef12Critical_ValE  app_devices.o
    0x20000020   0x0800c518   0x00000004   Data   RW         2072    .data._ZN23DevicesMonitor_classdef13Devices_FrameE  app_devices.o
    0x20000024   0x0800c51c   0x00000002   Data   RW         2523    .data._ZZ19Task_DevicesMonitorPvE19low_bat_voltage_cnt  task_check.o
    0x20000026   0x0800c51e   0x00000009   Data   RW         2745    .data.accel_dma_tx_buf  ins_task.o
    0x2000002f   0x0800c527   0x00000001   PAD
    0x20000030   0x0800c528   0x00000024   Data   RW         2753    .data.accel_scale_factor  ins_task.o
    0x20000054   0x0800c54c   0x00000004   Data   RW         2746    .data.accel_temp_dma_tx_buf  ins_task.o
    0x20000058   0x0800c550   0x00000002   Data   RW         2275    .data.buzzer_val    dev_buzzer.o
    0x2000005a   0x0800c552   0x00000002   PAD
    0x2000005c   0x0800c554   0x00000004   Data   RW         2677    .data.cali_hook_fun  calibrate_task.o
    0x20000060   0x0800c558   0x00000008   Data   RW         2744    .data.gyro_dma_tx_buf  ins_task.o
    0x20000068   0x0800c560   0x00000024   Data   RW         2752    .data.gyro_scale_factor  ins_task.o
    0x2000008c   0x0800c584   0x00000024   Data   RW         2754    .data.mag_scale_factor  ins_task.o
    0x200000b0   0x0800c5a8   0x00000004   Data   RW         2863    .data.twoKp         mahonyahrs.o
    0x200000b4   0x0800c5ac   0x00000001   Data   RW          704    .data.uwTickFreq    stm32f4xx_hal.o
    0x200000b5   0x0800c5ad   0x00000003   PAD
    0x200000b8   0x0800c5b0   0x00000004   Data   RW          703    .data.uwTickPrio    stm32f4xx_hal.o
    0x200000bc   0x0800c5b4   0x00000004   Data   RW         1975    .data.uxCriticalNesting  port.o
    0x200000c0   0x0800c5b8   0x00000004   Data   RW         2259    .data.voltage_vrefint_proportion  bsp_adc.o
    0x200000c4   0x0800c5bc   0x00000004   PAD
    0x200000c8        -       0x00000060   Zero   RW         3396    .bss                c_w.l(libspace.o)
    0x20000128        -       0x000000d4   Zero   RW         2586    .bss.Buzzer         system_datapool.o
    0x200001fc        -       0x00000018   Zero   RW         2141    .bss.CANx_SendData_EXT.Tx_Header  bsp_can.o
    0x20000214        -       0x00000004   Zero   RW         2574    .bss.Can1Recv_QueueHandle  system_datapool.o
    0x20000218        -       0x00000004   Zero   RW         2575    .bss.Can2Recv_QueueHandle  system_datapool.o
    0x2000021c        -       0x00000280   Zero   RW         2584    .bss.Chassis        system_datapool.o
    0x2000049c        -       0x00000010   Zero   RW         2583    .bss.DevicesMonitor  system_datapool.o
    0x200004ac        -       0x00000028   Zero   RW         2142    .bss.HAL_CAN_RxFifo0MsgPendingCallback.CAN_RxBuffer  bsp_can.o
    0x200004d4        -       0x00000028   Zero   RW         2143    .bss.HAL_CAN_RxFifo1MsgPendingCallback.CAN_RxBuffer  bsp_can.o
    0x200004fc        -       0x00000004   Zero   RW         2789    .bss.HAL_GPIO_EXTI_Callback.xHigherPriorityTaskWoken  ins_task.o
    0x20000500        -       0x00000004   Zero   RW           84    .bss.HAL_RCC_CAN1_CLK_ENABLED  can.o
    0x20000504        -       0x00000008   Zero   RW         2780    .bss.IMU_FilteSpeed  ins_task.o
    0x2000050c        -       0x0000000c   Zero   RW         2781    .bss.INS_OffsetGyro  ins_task.o
    0x20000518        -       0x0000000c   Zero   RW         2764    .bss.INS_accel      ins_task.o
    0x20000524        -       0x0000000c   Zero   RW         2755    .bss.INS_angle      ins_task.o
    0x20000530        -       0x0000000c   Zero   RW         2756    .bss.INS_gyro       ins_task.o
    0x2000053c        -       0x0000000c   Zero   RW         2765    .bss.INS_mag        ins_task.o
    0x20000548        -       0x00000010   Zero   RW         2768    .bss.INS_quat       ins_task.o
    0x20000558        -       0x00000004   Zero   RW         2783    .bss.INS_task.pitch_cal  ins_task.o
    0x2000055c        -       0x00000004   Zero   RW         2786    .bss.INS_task.pitch_cos  ins_task.o
    0x20000560        -       0x00000004   Zero   RW         2782    .bss.INS_task.roll_cal  ins_task.o
    0x20000564        -       0x00000004   Zero   RW         2784    .bss.INS_task.roll_cos  ins_task.o
    0x20000568        -       0x00000004   Zero   RW         2785    .bss.INS_task.roll_sin  ins_task.o
    0x2000056c        -       0x00000004   Zero   RW         2775    .bss.INS_task_local_handler  ins_task.o
    0x20000570        -       0x00000040   Zero   RW         2587    .bss.LED            system_datapool.o
    0x200005b0        -       0x00000004   Zero   RW         2795    .bss.Pit_StaticErr  ins_task.o
    0x200005b4        -       0x00000004   Zero   RW         2793    .bss.Pit_staticTotalErr  ins_task.o
    0x200005b8        -       0x00000004   Zero   RW         2798    .bss.Pit_total      ins_task.o
    0x200005bc        -       0x00000068   Zero   RW         2585    .bss.SendIMU        system_datapool.o
    0x20000624        -       0x00000018   Zero   RW         2796    .bss.Speed_Filter.Pit_Filter  ins_task.o
    0x2000063c        -       0x00000018   Zero   RW         2797    .bss.Speed_Filter.Yaw_Filter  ins_task.o
    0x20000654        -       0x00000001   Zero   RW         2791    .bss.Static_Error_Calculate.calc_flag  ins_task.o
    0x20000655   0x0800c5bc   0x00000001   PAD
    0x20000656        -       0x00000002   Zero   RW         2790    .bss.Static_Error_Calculate.error_cnt  ins_task.o
    0x20000658        -       0x00000004   Zero   RW         2391    .bss.SystemTimerCnt  dev_timer.o
    0x2000065c        -       0x00000004   Zero   RW         2096    .bss.Three_Speed_Time  app_chassis.o
    0x20000660        -       0x00000008   Zero   RW         2392    .bss.Timer_Manager  dev_timer.o
    0x20000668        -       0x00000004   Zero   RW         2794    .bss.Yaw_staticErr  ins_task.o
    0x2000066c        -       0x00000004   Zero   RW         2792    .bss.Yaw_staticTotalErr  ins_task.o
    0x20000670        -       0x00000004   Zero   RW         2799    .bss.Yaw_total      ins_task.o
    0x20000674        -       0x00000004   Zero   RW         2020    .bss._ZN8PIDTimer14Get_SystemTickE  algo_pid.o
    0x20000678        -       0x00000028   Zero   RW         2506    .bss._ZZ17Task_CAN1_ReceivePvE7CAN1_Rx  task_can.o
    0x200006a0        -       0x00000028   Zero   RW         2507    .bss._ZZ17Task_CAN2_ReceivePvE7CAN2_Rx  task_can.o
    0x200006c8        -       0x00000001   Zero   RW         2522    .bss._ZZ19Task_DevicesMonitorPvE11monitor_cnt  task_check.o
    0x200006c9        -       0x00000001   Zero   RW         2520    .bss._ZZ19Task_DevicesMonitorPvE13imu_cali_flag  task_check.o
    0x200006ca        -       0x00000001   Zero   RW         2521    .bss._ZZ19Task_DevicesMonitorPvE17DR16_offline_flag  task_check.o
    0x200006cb        -       0x00000001   Zero   RW         2278    .bss._ZZN15Buzzer_Classdef7ProcessEvE10last_times  dev_buzzer.o
    0x200006cc        -       0x00000001   Zero   RW         2277    .bss._ZZN15Buzzer_Classdef7ProcessEvE8time_cnt  dev_buzzer.o
    0x200006cd        -       0x00000001   Zero   RW         2276    .bss._ZZN15Buzzer_Classdef7ProcessEvE9state_cnt  dev_buzzer.o
    0x200006ce   0x0800c5bc   0x00000002   PAD
    0x200006d0        -       0x00000004   Zero   RW         2485    .bss.a              dev_bldc.o
    0x200006d4        -       0x00000009   Zero   RW         2777    .bss.accel_dma_rx_buf  ins_task.o
    0x200006dd   0x0800c5bc   0x00000003   PAD
    0x200006e0        -       0x00000004   Zero   RW         2772    .bss.accel_fliter_2.0  ins_task.o
    0x200006e4        -       0x00000004   Zero   RW         2773    .bss.accel_fliter_2.1  ins_task.o
    0x200006e8        -       0x00000004   Zero   RW         2774    .bss.accel_fliter_2.2  ins_task.o
    0x200006ec        -       0x00000004   Zero   RW         2769    .bss.accel_fliter_3.0  ins_task.o
    0x200006f0        -       0x00000004   Zero   RW         2770    .bss.accel_fliter_3.1  ins_task.o
    0x200006f4        -       0x00000004   Zero   RW         2771    .bss.accel_fliter_3.2  ins_task.o
    0x200006f8        -       0x0000000c   Zero   RW         2800    .bss.accel_offset   ins_task.o
    0x20000704        -       0x00000004   Zero   RW         2778    .bss.accel_temp_dma_rx_buf  ins_task.o
    0x20000708        -       0x00000001   Zero   RW         2749    .bss.accel_temp_update_flag  ins_task.o
    0x20000709        -       0x00000001   Zero   RW         2748    .bss.accel_update_flag  ins_task.o
    0x2000070a   0x0800c5bc   0x00000002   PAD
    0x2000070c        -       0x00000010   Zero   RW         2260    .bss.adcx_get_chx_value.sConfig  bsp_adc.o
    0x2000071c        -       0x00000004   Zero   RW         2486    .bss.b              dev_bldc.o
    0x20000720        -       0x00000004   Zero   RW         2519    .bss.bat_voltage    task_check.o
    0x20000724        -       0x00000024   Zero   RW         2763    .bss.bmi088_real_data  ins_task.o
    0x20000748        -       0x00000004   Zero   RW         2487    .bss.c              dev_bldc.o
    0x2000074c        -       0x00000002   Zero   RW         2685    .bss.cali_gyro_hook.count_time  calibrate_task.o
    0x2000074e   0x0800c5bc   0x00000002   PAD
    0x20000750        -       0x00000010   Zero   RW         2680    .bss.cali_sensor    calibrate_task.o
    0x20000760        -       0x00000004   Zero   RW         2488    .bss.d              dev_bldc.o
    0x20000764        -       0x00000004   Zero   RW           47    .bss.defaultTaskHandle  freertos.o
    0x20000768        -       0x00000004   Zero   RW         2489    .bss.e              dev_bldc.o
    0x2000076c        -       0x00000004   Zero   RW         2490    .bss.f              dev_bldc.o
    0x20000770        -       0x00000004   Zero   RW         2701    .bss.fac_ms         delay.o
    0x20000774        -       0x00000001   Zero   RW         2700    .bss.fac_us         delay.o
    0x20000775        -       0x00000001   Zero   RW         2805    .bss.first_temperate  ins_task.o
    0x20000776   0x0800c5bc   0x00000002   PAD
    0x20000778        -       0x0000001c   Zero   RW         2684    .bss.flash_write_buf  calibrate_task.o
    0x20000794        -       0x00000004   Zero   RW         2166    .bss.flash_write_single_address.data_buf  bsp_flash.o
    0x20000798        -       0x00000004   Zero   RW         2167    .bss.flash_write_single_address.data_len  bsp_flash.o
    0x2000079c        -       0x00000004   Zero   RW         2165    .bss.flash_write_single_address.end_address  bsp_flash.o
    0x200007a0        -       0x00000004   Zero   RW         2164    .bss.flash_write_single_address.uw_address  bsp_flash.o
    0x200007a4        -       0x00000004   Zero   RW         2491    .bss.g              dev_bldc.o
    0x200007a8        -       0x00000018   Zero   RW         2683    .bss.gyro_cali      calibrate_task.o
    0x200007c0        -       0x0000000c   Zero   RW         2787    .bss.gyro_cali_offset  ins_task.o
    0x200007cc        -       0x00000008   Zero   RW         2776    .bss.gyro_dma_rx_buf  ins_task.o
    0x200007d4        -       0x0000000c   Zero   RW         2788    .bss.gyro_offset    ins_task.o
    0x200007e0        -       0x00000001   Zero   RW         2747    .bss.gyro_update_flag  ins_task.o
    0x200007e1   0x0800c5bc   0x00000003   PAD
    0x200007e4        -       0x00000048   Zero   RW           64    .bss.hadc1          adc.o
    0x2000082c        -       0x00000048   Zero   RW           65    .bss.hadc3          adc.o
    0x20000874        -       0x00000028   Zero   RW           82    .bss.hcan1          can.o
    0x2000089c        -       0x00000028   Zero   RW           83    .bss.hcan2          can.o
    0x200008c4        -       0x00000060   Zero   RW          128    .bss.hdma_spi1_rx   spi.o
    0x20000924        -       0x00000060   Zero   RW          127    .bss.hdma_spi1_tx   spi.o
    0x20000984        -       0x00000060   Zero   RW          179    .bss.hdma_usart3_rx  usart.o
    0x200009e4        -       0x00000060   Zero   RW          180    .bss.hdma_usart6_rx  usart.o
    0x20000a44        -       0x00000060   Zero   RW          181    .bss.hdma_usart6_tx  usart.o
    0x20000aa4        -       0x00000054   Zero   RW          108    .bss.hi2c3          i2c.o
    0x20000af8        -       0x00000058   Zero   RW          125    .bss.hspi1          spi.o
    0x20000b50        -       0x00000058   Zero   RW          126    .bss.hspi2          spi.o
    0x20000ba8        -       0x00000048   Zero   RW          153    .bss.htim1          tim.o
    0x20000bf0        -       0x00000048   Zero   RW          157    .bss.htim10         tim.o
    0x20000c38        -       0x00000048   Zero   RW          154    .bss.htim2          tim.o
    0x20000c80        -       0x00000048   Zero   RW          155    .bss.htim4          tim.o
    0x20000cc8        -       0x00000048   Zero   RW          156    .bss.htim5          tim.o
    0x20000d10        -       0x00000048   Zero   RW          254    .bss.htim6          stm32f4xx_hal_timebase_tim.o
    0x20000d58        -       0x00000044   Zero   RW          176    .bss.huart1         usart.o
    0x20000d9c        -       0x00000044   Zero   RW          177    .bss.huart3         usart.o
    0x20000de0        -       0x00000044   Zero   RW          178    .bss.huart6         usart.o
    0x20000e24        -       0x00000001   Zero   RW         2751    .bss.imu_start_dma_flag  ins_task.o
    0x20000e25        -       0x00000001   Zero   RW         2804    .bss.imu_temp_control.temp_constant_time  ins_task.o
    0x20000e26   0x0800c5bc   0x00000002   PAD
    0x20000e28        -       0x00000048   Zero   RW         2767    .bss.imu_temp_pid   ins_task.o
    0x20000e70        -       0x00000004   Zero   RW         2865    .bss.integralFBx    mahonyahrs.o
    0x20000e74        -       0x00000004   Zero   RW         2866    .bss.integralFBy    mahonyahrs.o
    0x20000e78        -       0x00000004   Zero   RW         2867    .bss.integralFBz    mahonyahrs.o
    0x20000e7c        -       0x00000010   Zero   RW         2766    .bss.ist8310_real_data  ins_task.o
    0x20000e8c        -       0x0000000c   Zero   RW         2802    .bss.mag_offset     ins_task.o
    0x20000e98        -       0x00000001   Zero   RW         2750    .bss.mag_update_flag  ins_task.o
    0x20000e99   0x0800c5bc   0x00000003   PAD
    0x20000e9c        -       0x00000004   Zero   RW         2138    .bss.pCAN1_RxCpltCallback  bsp_can.o
    0x20000ea0        -       0x00000004   Zero   RW         2139    .bss.pCAN2_RxCpltCallback  bsp_can.o
    0x20000ea4        -       0x00000020   Zero   RW          440    .bss.pFlash         stm32f4xx_hal_flash.o
    0x20000ec4        -       0x00000008   Zero   RW         2202    .bss.pvd_config     bsp_pvd.o
    0x20000ecc        -       0x00000004   Zero   RW         1771    .bss.pxCurrentTCB   tasks.o
    0x20000ed0        -       0x00000004   Zero   RW         1781    .bss.pxDelayedTaskList  tasks.o
    0x20000ed4        -       0x00000004   Zero   RW         1931    .bss.pxEnd          heap_4.o
    0x20000ed8        -       0x00000004   Zero   RW         1782    .bss.pxOverflowDelayedTaskList  tasks.o
    0x20000edc        -       0x0000008c   Zero   RW         1772    .bss.pxReadyTasksLists  tasks.o
    0x20000f68        -       0x00000004   Zero   RW         2779    .bss.temp_gz        ins_task.o
    0x20000f6c        -       0x00000004   Zero   RW         2095    .bss.time_send      app_chassis.o
    0x20000f70        -       0x00000004   Zero   RW         2864    .bss.twoKi          mahonyahrs.o
    0x20000f74        -       0x00003c00   Zero   RW         1938    .bss.ucHeap         heap_4.o
    0x20004b74        -       0x00000001   Zero   RW         1973    .bss.ucMaxSysCallPriority  port.o
    0x20004b75   0x0800c5bc   0x00000003   PAD
    0x20004b78        -       0x00000004   Zero   RW         1974    .bss.ulMaxPRIGROUPValue  port.o
    0x20004b7c        -       0x00000010   Zero   RW         2228    .bss.usart3_manage  bsp_uart.o
    0x20004b8c        -       0x00000010   Zero   RW         2231    .bss.usart6_manage  bsp_uart.o
    0x20004b9c        -       0x00000004   Zero   RW          705    .bss.uwTick         stm32f4xx_hal.o
    0x20004ba0        -       0x00000004   Zero   RW         1777    .bss.uxCurrentNumberOfTasks  tasks.o
    0x20004ba4        -       0x00000004   Zero   RW         1776    .bss.uxDeletedTasksWaitingCleanUp  tasks.o
    0x20004ba8        -       0x00000004   Zero   RW         1779    .bss.uxSchedulerSuspended  tasks.o
    0x20004bac        -       0x00000004   Zero   RW         1774    .bss.uxTaskNumber   tasks.o
    0x20004bb0        -       0x00000004   Zero   RW         1773    .bss.uxTopReadyPriority  tasks.o
    0x20004bb4        -       0x00000001   Zero   RW         1932    .bss.xBlockAllocatedBit  heap_4.o
    0x20004bb5   0x0800c5bc   0x00000003   PAD
    0x20004bb8        -       0x00000014   Zero   RW         1790    .bss.xDelayedTaskList1  tasks.o
    0x20004bcc        -       0x00000014   Zero   RW         1791    .bss.xDelayedTaskList2  tasks.o
    0x20004be0        -       0x00000004   Zero   RW         1933    .bss.xFreeBytesRemaining  heap_4.o
    0x20004be4        -       0x00000200   Zero   RW           44    .bss.xIdleStack     freertos.o
    0x20004de4        -       0x00000004   Zero   RW         1785    .bss.xIdleTaskHandle  tasks.o
    0x20004de8        -       0x00000054   Zero   RW           43    .bss.xIdleTaskTCBBuffer  freertos.o
    0x20004e3c        -       0x00000004   Zero   RW         1935    .bss.xMinimumEverFreeBytesRemaining  heap_4.o
    0x20004e40        -       0x00000004   Zero   RW         1786    .bss.xNextTaskUnblockTime  tasks.o
    0x20004e44        -       0x00000004   Zero   RW         1789    .bss.xNumOfOverflows  tasks.o
    0x20004e48        -       0x00000004   Zero   RW         1936    .bss.xNumberOfSuccessfulAllocations  heap_4.o
    0x20004e4c        -       0x00000004   Zero   RW         1937    .bss.xNumberOfSuccessfulFrees  heap_4.o
    0x20004e50        -       0x00000004   Zero   RW         1788    .bss.xPendedTicks   tasks.o
    0x20004e54        -       0x00000014   Zero   RW         1784    .bss.xPendingReadyList  tasks.o
    0x20004e68        -       0x00000004   Zero   RW         1778    .bss.xSchedulerRunning  tasks.o
    0x20004e6c        -       0x00000008   Zero   RW         1934    .bss.xStart         heap_4.o
    0x20004e74        -       0x00000014   Zero   RW         1783    .bss.xSuspendedTaskList  tasks.o
    0x20004e88        -       0x00000014   Zero   RW         1775    .bss.xTasksWaitingTermination  tasks.o
    0x20004e9c        -       0x00000004   Zero   RW         1780    .bss.xTickCount     tasks.o
    0x20004ea0        -       0x00000004   Zero   RW         1787    .bss.xYieldPending  tasks.o
    0x20004ea4        -       0x00000004   Zero   RW         2232    .bss.xxxxx          bsp_uart.o
    0x20004ea8        -       0x00000200   Zero   RW            2    HEAP                startup_stm32f407xx.o
    0x200050a8        -       0x00000400   Zero   RW            1    STACK               startup_stm32f407xx.o


    Execution Region RW_IRAM2 (Exec base: 0x2001c000, Load base: 0x0800c5c0, Size: 0x00000000, Max: 0x00004000, ABSOLUTE)

    **** No section assigned to this execution region ****


==============================================================================

Image component sizes


      Code (inc. data)   RO Data    RW Data    ZI Data      Debug   Object Name

       388          0          0          0        144       5278   adc.o
        22          0          0          0          4      28068   algo_pid.o
       694          8          0          0          8      31864   app_chassis.o
       120          0          0         20          0       4382   app_devices.o
        14          0          0          0          0      26024   app_sendimu.o
      2196          4         54          8          0       8583   bmi088driver.o
       142          0          0          0          0       3227   bmi088middleware.o
       236          8          0          4         16       4491   bsp_adc.o
       358          0          0          0        112       5252   bsp_can.o
       368          0          0          0         16       4097   bsp_flash.o
        96          0          0          0          8       3856   bsp_pvd.o
      3132          0          0          0          0       2974   bsp_spi.o
        88          0          0          0         36       5713   bsp_uart.o
       368          0          0          5         70       5111   calibrate_task.o
       430          0          0          0         84       6491   can.o
       130          0          0          0          0      23969   cmsis_os.o
       118          0          0          0          5       2009   delay.o
       218         14          0          0         28      28560   dev_bldc.o
       494          0          0          2          3      24813   dev_buzzer.o
        96          0          0          0          0      24325   dev_comm.o
        78          0         28          0          0      25861   dev_led.o
        74          0          0          0         12       5382   dev_timer.o
       138          0          0          0          0       3398   dma.o
       106          0         40          0        600       3131   freertos.o
       496          0          0          0          0       4317   gpio.o
       662          0          0          0      15389       5040   heap_4.o
       240          0          0          0         84       5218   i2c.o
      3734         64          0        129        415      15340   ins_task.o
       130          0         12          0          0       1931   ist8310driver.o
       148          0          0          0          0       4057   ist8310driver_middleware.o
       150          0          0          0          0       2276   list.o
      1764         16          0          4         16       6288   mahonyahrs.o
       272          0          0          0          0       6320   main.o
       900         16          0          4          5       4029   port.o
       998          0          0          0          0      21626   queue.o
       610          0          0          0        368       5487   spi.o
        64         26        392          0       1536        868   startup_stm32f407xx.o
       132          0          0          5          4       7340   stm32f4xx_hal.o
      1092          0          0          0          0      11217   stm32f4xx_hal_adc.o
      1634          6          0          0          0      13512   stm32f4xx_hal_can.o
       190          0          0          0          0      10596   stm32f4xx_hal_cortex.o
      1034          4          8          0          0       9725   stm32f4xx_hal_dma.o
       560          0          0          0         32       5399   stm32f4xx_hal_flash.o
       360          0          0          0          0       5693   stm32f4xx_hal_flash_ex.o
       462          0          0          0          0       5224   stm32f4xx_hal_gpio.o
      3056          0          0          0          0      44529   stm32f4xx_hal_i2c.o
        70          0          0          0          0       3417   stm32f4xx_hal_msp.o
       170          0          0          0          0       4622   stm32f4xx_hal_pwr.o
      1434          0          0          0          0       7375   stm32f4xx_hal_rcc.o
       930          0          0          0          0      23105   stm32f4xx_hal_spi.o
      2576          4          0          0          0      55148   stm32f4xx_hal_tim.o
       264          0          0          0          0      21558   stm32f4xx_hal_tim_ex.o
       174          0          0          0         72       7294   stm32f4xx_hal_timebase_tim.o
      2034          0          0          0          0      26332   stm32f4xx_hal_uart.o
       244          0          0          0          0       3874   stm32f4xx_it.o
       428         80          0          0          0      23540   system_config.o
       124          0        212          0       1044      25914   system_datapool.o
        18          0         24          4          0       2683   system_stm32f4xx.o
       202         16          0          0         80      24558   task_can.o
       408          4          0          2          7      23979   task_check.o
        36          0          0          0          0      23303   task_control.o
        22          0          0          0          0      23287   task_led.o
      4386          8          0          0        300      31856   tasks.o
      1548          0          0          0        360       9888   tim.o
       788          0          0          0        492       7632   usart.o

    ----------------------------------------------------------------------
     44972        278        804        196      21380     832256   Object Totals
         0          0         32          0          0          0   (incl. Generated)
       324          0          2          9         30          0   (incl. Padding)

    ----------------------------------------------------------------------

      Code (inc. data)   RO Data    RW Data    ZI Data      Debug   Library Member Name

         0          0       2052          0          0       4704   arm_common_tables.o
       120         12          0          0          0      18614   arm_cos_f32.o
       148         18          0          0          0        814   arm_sin_f32.o
         8          0          0          0          0         68   __main.o
         0          0          0          0          0          0   __rtentry.o
        12          0          0          0          0          0   __rtentry2.o
         6          0          0          0          0          0   __rtentry4.o
        52          8          0          0          0          0   __scatter.o
        26          0          0          0          0          0   __scatter_copy.o
        28          0          0          0          0          0   __scatter_zi.o
        22          0          0          0          0        100   _rserrno.o
        16          0          0          0          0         68   aeabi_memset4.o
        18          0          0          0          0         80   exit.o
         6          0          0          0          0        152   heapauxi.o
         0          0          0          0          0          0   indicate_semi.o
        36          8          0          0          0         80   init_aeabi.o
         2          0          0          0          0          0   libinit.o
        10          0          0          0          0          0   libinit2.o
         2          0          0          0          0          0   libshutdown.o
         2          0          0          0          0          0   libshutdown2.o
         8          4          0          0         96         68   libspace.o
       240          0          0          0          0        100   lludivv7m.o
         8          4          0          0          0         68   rt_errno_addr_intlibspace.o
        78          0          0          0          0         80   rt_memclr_w.o
       138          0          0          0          0         68   rt_memcpy_v6.o
       100          0          0          0          0         80   rt_memcpy_w.o
       122          0          0          0          0         80   rt_memmove_w.o
         2          0          0          0          0          0   rtexit.o
        10          0          0          0          0          0   rtexit2.o
        62          0          0          0          0         76   strlen.o
        12          4          0          0          0         68   sys_exit.o
        74          0          0          0          0         80   sys_stackheap_outer.o
         2          0          0          0          0         68   use_no_semi.o
        22          0          0          0          0        116   fpinit.o
         0          0          0          0          0          0   usenofp.o
       300         42          0          0          0        176   asinf.o
       684         90          0          0          0        208   atan2f.o
        38          0          0          0          0        116   fpclassifyf.o
        44         12          0          0          0        464   funder.o
       120          0          0          0          0        272   sqrtf.o

    ----------------------------------------------------------------------
      2592        202       2052          0         96      26868   Library Totals
        14          0          0          0          0          0   (incl. Padding)

    ----------------------------------------------------------------------

      Code (inc. data)   RO Data    RW Data    ZI Data      Debug   Library Name

       268         30       2052          0          0      24132   arm_cortexM4lf_math.lib
      1102         28          0          0         96       1384   c_w.l
        22          0          0          0          0        116   g_wm.l
      1186        144          0          0          0       1236   m_wm.l

    ----------------------------------------------------------------------
      2592        202       2052          0         96      26868   Library Totals

    ----------------------------------------------------------------------

==============================================================================


      Code (inc. data)   RO Data    RW Data    ZI Data      Debug   

     47564        480       2856        196      21476     856288   Grand Totals
     47564        480       2856        196      21476     856288   ELF Image Totals
     47564        480       2856        196          0          0   ROM Totals

==============================================================================

    Total RO  Size (Code + RO Data)                50420 (  49.24kB)
    Total RW  Size (RW Data + ZI Data)             21672 (  21.16kB)
    Total ROM Size (Code + RO Data + RW Data)      50616 (  49.43kB)

==============================================================================

